[2021-09-02T13:46:14.630+0900][gc,heap] Heap region size: 1M
[2021-09-02T13:46:14.638+0900][gc     ] Using G1
[2021-09-02T13:46:14.638+0900][gc,heap,coops] Heap address: 0x00000000c0000000, size: 1024 MB, Compressed Oops mode: 32-bit
[2021-09-02T13:46:14.638+0900][gc,cds       ] Mark closed archive regions in map: [0x00000000fff00000, 0x00000000fff6aff8]
[2021-09-02T13:46:14.638+0900][gc,cds       ] Mark open archive regions in map: [0x00000000ffe00000, 0x00000000ffe46ff8]
[2021-09-02T13:46:15.420+0900][gc,start     ] GC(0) Pause Young (Normal) (G1 Evacuation Pause)
[2021-09-02T13:46:15.420+0900][gc,task      ] GC(0) Using 10 workers of 10 for evacuation
[2021-09-02T13:46:15.427+0900][gc,phases    ] GC(0)   Pre Evacuate Collection Set: 0.0ms
[2021-09-02T13:46:15.427+0900][gc,phases    ] GC(0)   Evacuate Collection Set: 6.8ms
[2021-09-02T13:46:15.427+0900][gc,phases    ] GC(0)   Post Evacuate Collection Set: 0.4ms
[2021-09-02T13:46:15.427+0900][gc,phases    ] GC(0)   Other: 0.7ms
[2021-09-02T13:46:15.427+0900][gc,heap      ] GC(0) Eden regions: 51->0(44)
[2021-09-02T13:46:15.427+0900][gc,heap      ] GC(0) Survivor regions: 0->7(7)
[2021-09-02T13:46:15.427+0900][gc,heap      ] GC(0) Old regions: 2->2
[2021-09-02T13:46:15.427+0900][gc,heap      ] GC(0) Humongous regions: 0->0
[2021-09-02T13:46:15.427+0900][gc,metaspace ] GC(0) Metaspace: 15568K->15568K(1062912K)
[2021-09-02T13:46:15.427+0900][gc           ] GC(0) Pause Young (Normal) (G1 Evacuation Pause) 51M->6M(1024M) 7.900ms
[2021-09-02T13:46:15.427+0900][gc,cpu       ] GC(0) User=0.07s Sys=0.00s Real=0.00s
[2021-09-02T13:46:18.585+0900][gc,heap,exit ] Heap
[2021-09-02T13:46:18.585+0900][gc,heap,exit ]  garbage-first heap   total 1048576K, used 25568K [0x00000000c0000000, 0x0000000100000000)
[2021-09-02T13:46:18.585+0900][gc,heap,exit ]   region size 1024K, 26 young (26624K), 7 survivors (7168K)
[2021-09-02T13:46:18.585+0900][gc,heap,exit ]  Metaspace       used 20142K, capacity 20755K, committed 20992K, reserved 1067008K
[2021-09-02T13:46:18.585+0900][gc,heap,exit ]   class space    used 2444K, capacity 2702K, committed 2816K, reserved 1048576K
