[2021-09-02T13:45:18.497+0900][gc,heap] Heap region size: 1M
[2021-09-02T13:45:18.505+0900][gc     ] Using G1
[2021-09-02T13:45:18.505+0900][gc,heap,coops] Heap address: 0x00000000c0000000, size: 1024 MB, Compressed Oops mode: 32-bit
[2021-09-02T13:45:18.505+0900][gc,cds       ] Mark closed archive regions in map: [0x00000000fff00000, 0x00000000fff6aff8]
[2021-09-02T13:45:18.505+0900][gc,cds       ] Mark open archive regions in map: [0x00000000ffe00000, 0x00000000ffe46ff8]
[2021-09-02T13:45:19.379+0900][gc,start     ] GC(0) Pause Young (Normal) (G1 Evacuation Pause)
[2021-09-02T13:45:19.380+0900][gc,task      ] GC(0) Using 10 workers of 10 for evacuation
[2021-09-02T13:45:19.386+0900][gc,phases    ] GC(0)   Pre Evacuate Collection Set: 0.0ms
[2021-09-02T13:45:19.386+0900][gc,phases    ] GC(0)   Evacuate Collection Set: 6.0ms
[2021-09-02T13:45:19.386+0900][gc,phases    ] GC(0)   Post Evacuate Collection Set: 0.4ms
[2021-09-02T13:45:19.386+0900][gc,phases    ] GC(0)   Other: 0.7ms
[2021-09-02T13:45:19.386+0900][gc,heap      ] GC(0) Eden regions: 51->0(44)
[2021-09-02T13:45:19.386+0900][gc,heap      ] GC(0) Survivor regions: 0->7(7)
[2021-09-02T13:45:19.386+0900][gc,heap      ] GC(0) Old regions: 2->2
[2021-09-02T13:45:19.386+0900][gc,heap      ] GC(0) Humongous regions: 0->0
[2021-09-02T13:45:19.386+0900][gc,metaspace ] GC(0) Metaspace: 15877K->15877K(1062912K)
[2021-09-02T13:45:19.386+0900][gc           ] GC(0) Pause Young (Normal) (G1 Evacuation Pause) 51M->6M(1024M) 7.162ms
[2021-09-02T13:45:19.386+0900][gc,cpu       ] GC(0) User=0.05s Sys=0.01s Real=0.00s
[2021-09-02T13:45:22.557+0900][gc,heap,exit ] Heap
[2021-09-02T13:45:22.557+0900][gc,heap,exit ]  garbage-first heap   total 1048576K, used 23455K [0x00000000c0000000, 0x0000000100000000)
[2021-09-02T13:45:22.557+0900][gc,heap,exit ]   region size 1024K, 24 young (24576K), 7 survivors (7168K)
[2021-09-02T13:45:22.557+0900][gc,heap,exit ]  Metaspace       used 20168K, capacity 20819K, committed 20992K, reserved 1067008K
[2021-09-02T13:45:22.557+0900][gc,heap,exit ]   class space    used 2444K, capacity 2702K, committed 2816K, reserved 1048576K
