[2021-09-02T11:11:49.461+0900][gc,heap] Heap region size: 1M
[2021-09-02T11:11:49.469+0900][gc     ] Using G1
[2021-09-02T11:11:49.469+0900][gc,heap,coops] Heap address: 0x00000000c0000000, size: 1024 MB, Compressed Oops mode: 32-bit
[2021-09-02T11:11:49.469+0900][gc,cds       ] Mark closed archive regions in map: [0x00000000fff00000, 0x00000000fff6aff8]
[2021-09-02T11:11:49.469+0900][gc,cds       ] Mark open archive regions in map: [0x00000000ffe00000, 0x00000000ffe46ff8]
[2021-09-02T11:11:50.448+0900][gc,start     ] GC(0) Pause Young (Normal) (G1 Evacuation Pause)
[2021-09-02T11:11:50.449+0900][gc,task      ] GC(0) Using 10 workers of 10 for evacuation
[2021-09-02T11:11:50.459+0900][gc,phases    ] GC(0)   Pre Evacuate Collection Set: 0.0ms
[2021-09-02T11:11:50.459+0900][gc,phases    ] GC(0)   Evacuate Collection Set: 10.0ms
[2021-09-02T11:11:50.459+0900][gc,phases    ] GC(0)   Post Evacuate Collection Set: 0.5ms
[2021-09-02T11:11:50.459+0900][gc,phases    ] GC(0)   Other: 0.7ms
[2021-09-02T11:11:50.459+0900][gc,heap      ] GC(0) Eden regions: 51->0(44)
[2021-09-02T11:11:50.459+0900][gc,heap      ] GC(0) Survivor regions: 0->7(7)
[2021-09-02T11:11:50.459+0900][gc,heap      ] GC(0) Old regions: 2->2
[2021-09-02T11:11:50.459+0900][gc,heap      ] GC(0) Humongous regions: 0->0
[2021-09-02T11:11:50.459+0900][gc,metaspace ] GC(0) Metaspace: 15585K->15585K(1062912K)
[2021-09-02T11:11:50.459+0900][gc           ] GC(0) Pause Young (Normal) (G1 Evacuation Pause) 51M->6M(1024M) 11.298ms
[2021-09-02T11:11:50.459+0900][gc,cpu       ] GC(0) User=0.09s Sys=0.00s Real=0.01s
[2021-09-02T11:11:50.758+0900][gc,start     ] GC(1) Pause Young (Concurrent Start) (Metadata GC Threshold)
[2021-09-02T11:11:50.758+0900][gc,task      ] GC(1) Using 10 workers of 10 for evacuation
[2021-09-02T11:11:50.766+0900][gc,phases    ] GC(1)   Pre Evacuate Collection Set: 0.1ms
[2021-09-02T11:11:50.766+0900][gc,phases    ] GC(1)   Evacuate Collection Set: 7.5ms
[2021-09-02T11:11:50.766+0900][gc,phases    ] GC(1)   Post Evacuate Collection Set: 0.3ms
[2021-09-02T11:11:50.766+0900][gc,phases    ] GC(1)   Other: 0.2ms
[2021-09-02T11:11:50.766+0900][gc,heap      ] GC(1) Eden regions: 21->0(49)
[2021-09-02T11:11:50.766+0900][gc,heap      ] GC(1) Survivor regions: 7->2(7)
[2021-09-02T11:11:50.766+0900][gc,heap      ] GC(1) Old regions: 2->9
[2021-09-02T11:11:50.766+0900][gc,heap      ] GC(1) Humongous regions: 129->129
[2021-09-02T11:11:50.766+0900][gc,metaspace ] GC(1) Metaspace: 20595K->20595K(1067008K)
[2021-09-02T11:11:50.766+0900][gc           ] GC(1) Pause Young (Concurrent Start) (Metadata GC Threshold) 156M->137M(1024M) 8.201ms
[2021-09-02T11:11:50.766+0900][gc,cpu       ] GC(1) User=0.04s Sys=0.00s Real=0.00s
[2021-09-02T11:11:50.766+0900][gc           ] GC(2) Concurrent Cycle
[2021-09-02T11:11:50.766+0900][gc,marking   ] GC(2) Concurrent Clear Claimed Marks
[2021-09-02T11:11:50.766+0900][gc,marking   ] GC(2) Concurrent Clear Claimed Marks 0.025ms
[2021-09-02T11:11:50.766+0900][gc,marking   ] GC(2) Concurrent Scan Root Regions
[2021-09-02T11:11:50.767+0900][gc,marking   ] GC(2) Concurrent Scan Root Regions 0.709ms
[2021-09-02T11:11:50.767+0900][gc,marking   ] GC(2) Concurrent Mark (1.308s)
[2021-09-02T11:11:50.767+0900][gc,marking   ] GC(2) Concurrent Mark From Roots
[2021-09-02T11:11:50.767+0900][gc,task      ] GC(2) Using 3 workers of 3 for marking
[2021-09-02T11:11:50.771+0900][gc,marking   ] GC(2) Concurrent Mark From Roots 4.333ms
[2021-09-02T11:11:50.771+0900][gc,marking   ] GC(2) Concurrent Preclean
[2021-09-02T11:11:50.771+0900][gc,marking   ] GC(2) Concurrent Preclean 0.084ms
[2021-09-02T11:11:50.771+0900][gc,marking   ] GC(2) Concurrent Mark (1.308s, 1.313s) 4.451ms
[2021-09-02T11:11:50.771+0900][gc,start     ] GC(2) Pause Remark
[2021-09-02T11:11:50.772+0900][gc,stringtable] GC(2) Cleaned string and symbol table, strings: 5011 processed, 0 removed, symbols: 50762 processed, 44 removed
[2021-09-02T11:11:50.773+0900][gc            ] GC(2) Pause Remark 138M->138M(1024M) 1.457ms
[2021-09-02T11:11:50.773+0900][gc,cpu        ] GC(2) User=0.01s Sys=0.00s Real=0.00s
[2021-09-02T11:11:50.773+0900][gc,marking    ] GC(2) Concurrent Rebuild Remembered Sets
[2021-09-02T11:11:50.775+0900][gc,marking    ] GC(2) Concurrent Rebuild Remembered Sets 1.977ms
[2021-09-02T11:11:50.775+0900][gc,start      ] GC(2) Pause Cleanup
[2021-09-02T11:11:50.775+0900][gc            ] GC(2) Pause Cleanup 138M->138M(1024M) 0.162ms
[2021-09-02T11:11:50.775+0900][gc,cpu        ] GC(2) User=0.00s Sys=0.00s Real=0.00s
[2021-09-02T11:11:50.775+0900][gc,marking    ] GC(2) Concurrent Cleanup for Next Mark
[2021-09-02T11:11:50.777+0900][gc,marking    ] GC(2) Concurrent Cleanup for Next Mark 2.116ms
[2021-09-02T11:11:50.777+0900][gc            ] GC(2) Concurrent Cycle 11.232ms
[2021-09-02T11:11:51.382+0900][gc,start      ] GC(3) Pause Young (Normal) (G1 Evacuation Pause)
[2021-09-02T11:11:51.382+0900][gc,task       ] GC(3) Using 10 workers of 10 for evacuation
[2021-09-02T11:11:51.385+0900][gc,phases     ] GC(3)   Pre Evacuate Collection Set: 0.0ms
[2021-09-02T11:11:51.385+0900][gc,phases     ] GC(3)   Evacuate Collection Set: 3.2ms
[2021-09-02T11:11:51.385+0900][gc,phases     ] GC(3)   Post Evacuate Collection Set: 0.3ms
[2021-09-02T11:11:51.385+0900][gc,phases     ] GC(3)   Other: 0.2ms
[2021-09-02T11:11:51.385+0900][gc,heap       ] GC(3) Eden regions: 49->0(45)
[2021-09-02T11:11:51.385+0900][gc,heap       ] GC(3) Survivor regions: 2->6(7)
[2021-09-02T11:11:51.385+0900][gc,heap       ] GC(3) Old regions: 9->9
[2021-09-02T11:11:51.385+0900][gc,heap       ] GC(3) Humongous regions: 129->129
[2021-09-02T11:11:51.385+0900][gc,metaspace  ] GC(3) Metaspace: 29956K->29956K(1077248K)
[2021-09-02T11:11:51.385+0900][gc            ] GC(3) Pause Young (Normal) (G1 Evacuation Pause) 186M->140M(1024M) 3.770ms
[2021-09-02T11:11:51.385+0900][gc,cpu        ] GC(3) User=0.04s Sys=0.00s Real=0.00s
[2021-09-02T11:12:00.621+0900][gc,start      ] GC(4) Pause Young (Concurrent Start) (Metadata GC Threshold)
[2021-09-02T11:12:00.621+0900][gc,task       ] GC(4) Using 10 workers of 10 for evacuation
[2021-09-02T11:12:00.628+0900][gc,phases     ] GC(4)   Pre Evacuate Collection Set: 0.2ms
[2021-09-02T11:12:00.628+0900][gc,phases     ] GC(4)   Evacuate Collection Set: 6.0ms
[2021-09-02T11:12:00.628+0900][gc,phases     ] GC(4)   Post Evacuate Collection Set: 0.5ms
[2021-09-02T11:12:00.628+0900][gc,phases     ] GC(4)   Other: 0.3ms
[2021-09-02T11:12:00.628+0900][gc,heap       ] GC(4) Eden regions: 29->0(49)
[2021-09-02T11:12:00.628+0900][gc,heap       ] GC(4) Survivor regions: 6->2(7)
[2021-09-02T11:12:00.628+0900][gc,heap       ] GC(4) Old regions: 9->14
[2021-09-02T11:12:00.628+0900][gc,heap       ] GC(4) Humongous regions: 129->129
[2021-09-02T11:12:00.628+0900][gc,metaspace  ] GC(4) Metaspace: 34345K->34345K(1081344K)
[2021-09-02T11:12:00.628+0900][gc            ] GC(4) Pause Young (Concurrent Start) (Metadata GC Threshold) 169M->142M(1024M) 7.000ms
[2021-09-02T11:12:00.628+0900][gc,cpu        ] GC(4) User=0.04s Sys=0.01s Real=0.01s
[2021-09-02T11:12:00.628+0900][gc            ] GC(5) Concurrent Cycle
[2021-09-02T11:12:00.628+0900][gc,marking    ] GC(5) Concurrent Clear Claimed Marks
[2021-09-02T11:12:00.628+0900][gc,marking    ] GC(5) Concurrent Clear Claimed Marks 0.033ms
[2021-09-02T11:12:00.628+0900][gc,marking    ] GC(5) Concurrent Scan Root Regions
[2021-09-02T11:12:00.629+0900][gc,marking    ] GC(5) Concurrent Scan Root Regions 1.159ms
[2021-09-02T11:12:00.629+0900][gc,marking    ] GC(5) Concurrent Mark (11.171s)
[2021-09-02T11:12:00.629+0900][gc,marking    ] GC(5) Concurrent Mark From Roots
[2021-09-02T11:12:00.629+0900][gc,task       ] GC(5) Using 3 workers of 3 for marking
[2021-09-02T11:12:00.638+0900][gc,marking    ] GC(5) Concurrent Mark From Roots 8.649ms
[2021-09-02T11:12:00.638+0900][gc,marking    ] GC(5) Concurrent Preclean
[2021-09-02T11:12:00.638+0900][gc,marking    ] GC(5) Concurrent Preclean 0.163ms
[2021-09-02T11:12:00.638+0900][gc,marking    ] GC(5) Concurrent Mark (11.171s, 11.180s) 8.877ms
[2021-09-02T11:12:00.638+0900][gc,start      ] GC(5) Pause Remark
[2021-09-02T11:12:00.641+0900][gc,stringtable] GC(5) Cleaned string and symbol table, strings: 10333 processed, 11 removed, symbols: 78866 processed, 18 removed
[2021-09-02T11:12:00.641+0900][gc            ] GC(5) Pause Remark 142M->142M(1024M) 2.653ms
[2021-09-02T11:12:00.641+0900][gc,cpu        ] GC(5) User=0.02s Sys=0.00s Real=0.00s
[2021-09-02T11:12:00.641+0900][gc,marking    ] GC(5) Concurrent Rebuild Remembered Sets
[2021-09-02T11:12:00.645+0900][gc,marking    ] GC(5) Concurrent Rebuild Remembered Sets 4.033ms
[2021-09-02T11:12:00.645+0900][gc,start      ] GC(5) Pause Cleanup
[2021-09-02T11:12:00.645+0900][gc            ] GC(5) Pause Cleanup 143M->143M(1024M) 0.239ms
[2021-09-02T11:12:00.645+0900][gc,cpu        ] GC(5) User=0.00s Sys=0.00s Real=0.00s
[2021-09-02T11:12:00.645+0900][gc,marking    ] GC(5) Concurrent Cleanup for Next Mark
[2021-09-02T11:12:00.648+0900][gc,marking    ] GC(5) Concurrent Cleanup for Next Mark 2.857ms
[2021-09-02T11:12:00.648+0900][gc            ] GC(5) Concurrent Cycle 20.348ms
[2021-09-02T11:16:21.046+0900][gc,start      ] GC(6) Pause Young (Normal) (G1 Evacuation Pause)
[2021-09-02T11:16:21.046+0900][gc,task       ] GC(6) Using 10 workers of 10 for evacuation
[2021-09-02T11:16:21.050+0900][gc,phases     ] GC(6)   Pre Evacuate Collection Set: 0.0ms
[2021-09-02T11:16:21.050+0900][gc,phases     ] GC(6)   Evacuate Collection Set: 3.2ms
[2021-09-02T11:16:21.050+0900][gc,phases     ] GC(6)   Post Evacuate Collection Set: 0.5ms
[2021-09-02T11:16:21.050+0900][gc,phases     ] GC(6)   Other: 0.2ms
[2021-09-02T11:16:21.050+0900][gc,heap       ] GC(6) Eden regions: 49->0(47)
[2021-09-02T11:16:21.050+0900][gc,heap       ] GC(6) Survivor regions: 2->4(7)
[2021-09-02T11:16:21.050+0900][gc,heap       ] GC(6) Old regions: 14->14
[2021-09-02T11:16:21.050+0900][gc,heap       ] GC(6) Humongous regions: 129->129
[2021-09-02T11:16:21.050+0900][gc,metaspace  ] GC(6) Metaspace: 37807K->37807K(1083392K)
[2021-09-02T11:16:21.050+0900][gc            ] GC(6) Pause Young (Normal) (G1 Evacuation Pause) 191M->144M(1024M) 4.036ms
[2021-09-02T11:16:21.050+0900][gc,cpu        ] GC(6) User=0.04s Sys=0.00s Real=0.01s
[2021-09-02T11:22:27.209+0900][gc,start      ] GC(7) Pause Young (Normal) (G1 Evacuation Pause)
[2021-09-02T11:22:27.209+0900][gc,task       ] GC(7) Using 10 workers of 10 for evacuation
[2021-09-02T11:22:27.214+0900][gc,phases     ] GC(7)   Pre Evacuate Collection Set: 0.0ms
[2021-09-02T11:22:27.214+0900][gc,phases     ] GC(7)   Evacuate Collection Set: 4.2ms
[2021-09-02T11:22:27.214+0900][gc,phases     ] GC(7)   Post Evacuate Collection Set: 0.4ms
[2021-09-02T11:22:27.214+0900][gc,phases     ] GC(7)   Other: 0.2ms
[2021-09-02T11:22:27.214+0900][gc,heap       ] GC(7) Eden regions: 47->0(47)
[2021-09-02T11:22:27.214+0900][gc,heap       ] GC(7) Survivor regions: 4->4(7)
[2021-09-02T11:22:27.214+0900][gc,heap       ] GC(7) Old regions: 14->15
[2021-09-02T11:22:27.214+0900][gc,heap       ] GC(7) Humongous regions: 129->129
[2021-09-02T11:22:27.214+0900][gc,metaspace  ] GC(7) Metaspace: 38038K->38038K(1083392K)
[2021-09-02T11:22:27.214+0900][gc            ] GC(7) Pause Young (Normal) (G1 Evacuation Pause) 191M->145M(1024M) 4.946ms
[2021-09-02T11:22:27.214+0900][gc,cpu        ] GC(7) User=0.02s Sys=0.01s Real=0.00s
[2021-09-02T11:28:54.774+0900][gc,start      ] GC(8) Pause Young (Normal) (G1 Evacuation Pause)
[2021-09-02T11:28:54.774+0900][gc,task       ] GC(8) Using 10 workers of 10 for evacuation
[2021-09-02T11:28:54.777+0900][gc,phases     ] GC(8)   Pre Evacuate Collection Set: 0.0ms
[2021-09-02T11:28:54.777+0900][gc,phases     ] GC(8)   Evacuate Collection Set: 2.9ms
[2021-09-02T11:28:54.777+0900][gc,phases     ] GC(8)   Post Evacuate Collection Set: 0.4ms
[2021-09-02T11:28:54.778+0900][gc,phases     ] GC(8)   Other: 0.2ms
[2021-09-02T11:28:54.778+0900][gc,heap       ] GC(8) Eden regions: 47->0(48)
[2021-09-02T11:28:54.778+0900][gc,heap       ] GC(8) Survivor regions: 4->4(7)
[2021-09-02T11:28:54.778+0900][gc,heap       ] GC(8) Old regions: 15->15
[2021-09-02T11:28:54.778+0900][gc,heap       ] GC(8) Humongous regions: 129->129
[2021-09-02T11:28:54.778+0900][gc,metaspace  ] GC(8) Metaspace: 38132K->38132K(1083392K)
[2021-09-02T11:28:54.778+0900][gc            ] GC(8) Pause Young (Normal) (G1 Evacuation Pause) 192M->146M(1024M) 3.660ms
[2021-09-02T11:28:54.778+0900][gc,cpu        ] GC(8) User=0.03s Sys=0.00s Real=0.01s
[2021-09-02T11:35:25.446+0900][gc,start      ] GC(9) Pause Young (Normal) (G1 Evacuation Pause)
[2021-09-02T11:35:25.446+0900][gc,task       ] GC(9) Using 10 workers of 10 for evacuation
[2021-09-02T11:35:25.451+0900][gc,phases     ] GC(9)   Pre Evacuate Collection Set: 0.0ms
[2021-09-02T11:35:25.451+0900][gc,phases     ] GC(9)   Evacuate Collection Set: 3.8ms
[2021-09-02T11:35:25.451+0900][gc,phases     ] GC(9)   Post Evacuate Collection Set: 0.3ms
[2021-09-02T11:35:25.451+0900][gc,phases     ] GC(9)   Other: 0.2ms
[2021-09-02T11:35:25.451+0900][gc,heap       ] GC(9) Eden regions: 48->0(64)
[2021-09-02T11:35:25.451+0900][gc,heap       ] GC(9) Survivor regions: 4->3(7)
[2021-09-02T11:35:25.451+0900][gc,heap       ] GC(9) Old regions: 15->16
[2021-09-02T11:35:25.451+0900][gc,heap       ] GC(9) Humongous regions: 129->129
[2021-09-02T11:35:25.451+0900][gc,metaspace  ] GC(9) Metaspace: 38230K->38230K(1083392K)
[2021-09-02T11:35:25.451+0900][gc            ] GC(9) Pause Young (Normal) (G1 Evacuation Pause) 194M->146M(1024M) 4.502ms
[2021-09-02T11:35:25.451+0900][gc,cpu        ] GC(9) User=0.03s Sys=0.00s Real=0.01s
[2021-09-02T11:44:06.948+0900][gc,start      ] GC(10) Pause Young (Normal) (G1 Evacuation Pause)
[2021-09-02T11:44:06.948+0900][gc,task       ] GC(10) Using 10 workers of 10 for evacuation
[2021-09-02T11:44:06.953+0900][gc,phases     ] GC(10)   Pre Evacuate Collection Set: 0.0ms
[2021-09-02T11:44:06.953+0900][gc,phases     ] GC(10)   Evacuate Collection Set: 4.6ms
[2021-09-02T11:44:06.953+0900][gc,phases     ] GC(10)   Post Evacuate Collection Set: 0.4ms
[2021-09-02T11:44:06.953+0900][gc,phases     ] GC(10)   Other: 0.2ms
[2021-09-02T11:44:06.953+0900][gc,heap       ] GC(10) Eden regions: 64->0(197)
[2021-09-02T11:44:06.953+0900][gc,heap       ] GC(10) Survivor regions: 3->4(9)
[2021-09-02T11:44:06.953+0900][gc,heap       ] GC(10) Old regions: 16->16
[2021-09-02T11:44:06.953+0900][gc,heap       ] GC(10) Humongous regions: 129->129
[2021-09-02T11:44:06.953+0900][gc,metaspace  ] GC(10) Metaspace: 38276K->38276K(1083392K)
[2021-09-02T11:44:06.953+0900][gc            ] GC(10) Pause Young (Normal) (G1 Evacuation Pause) 210M->146M(1024M) 5.289ms
[2021-09-02T11:44:06.953+0900][gc,cpu        ] GC(10) User=0.02s Sys=0.00s Real=0.00s
[2021-09-02T12:11:19.714+0900][gc,start      ] GC(11) Pause Young (Normal) (G1 Evacuation Pause)
[2021-09-02T12:11:19.714+0900][gc,task       ] GC(11) Using 10 workers of 10 for evacuation
[2021-09-02T12:11:19.719+0900][gc,phases     ] GC(11)   Pre Evacuate Collection Set: 0.1ms
[2021-09-02T12:11:19.719+0900][gc,phases     ] GC(11)   Evacuate Collection Set: 4.2ms
[2021-09-02T12:11:19.719+0900][gc,phases     ] GC(11)   Post Evacuate Collection Set: 1.1ms
[2021-09-02T12:11:19.719+0900][gc,phases     ] GC(11)   Other: 0.4ms
[2021-09-02T12:11:19.719+0900][gc,heap       ] GC(11) Eden regions: 197->0(610)
[2021-09-02T12:11:19.719+0900][gc,heap       ] GC(11) Survivor regions: 4->4(26)
[2021-09-02T12:11:19.719+0900][gc,heap       ] GC(11) Old regions: 16->16
[2021-09-02T12:11:19.719+0900][gc,heap       ] GC(11) Humongous regions: 129->129
[2021-09-02T12:11:19.720+0900][gc,metaspace  ] GC(11) Metaspace: 38436K->38436K(1083392K)
[2021-09-02T12:11:19.720+0900][gc            ] GC(11) Pause Young (Normal) (G1 Evacuation Pause) 343M->147M(1024M) 5.985ms
[2021-09-02T12:11:19.720+0900][gc,cpu        ] GC(11) User=0.02s Sys=0.01s Real=0.01s
[2021-09-02T13:54:16.634+0900][gc,start      ] GC(12) Pause Young (Normal) (G1 Evacuation Pause)
[2021-09-02T13:54:16.634+0900][gc,task       ] GC(12) Using 10 workers of 10 for evacuation
[2021-09-02T13:54:16.672+0900][gc,mmu        ] GC(12) MMU target violated: 21.0ms (20.0ms/21.0ms)
[2021-09-02T13:54:16.672+0900][gc,phases     ] GC(12)   Pre Evacuate Collection Set: 0.0ms
[2021-09-02T13:54:16.672+0900][gc,phases     ] GC(12)   Evacuate Collection Set: 32.1ms
[2021-09-02T13:54:16.672+0900][gc,phases     ] GC(12)   Post Evacuate Collection Set: 5.3ms
[2021-09-02T13:54:16.672+0900][gc,phases     ] GC(12)   Other: 0.4ms
[2021-09-02T13:54:16.672+0900][gc,heap       ] GC(12) Eden regions: 610->0(609)
[2021-09-02T13:54:16.672+0900][gc,heap       ] GC(12) Survivor regions: 4->5(77)
[2021-09-02T13:54:16.672+0900][gc,heap       ] GC(12) Old regions: 16->16
[2021-09-02T13:54:16.672+0900][gc,heap       ] GC(12) Humongous regions: 129->129
[2021-09-02T13:54:16.672+0900][gc,metaspace  ] GC(12) Metaspace: 38801K->38801K(1085440K)
[2021-09-02T13:54:16.672+0900][gc            ] GC(12) Pause Young (Normal) (G1 Evacuation Pause) 757M->148M(1024M) 37.873ms
[2021-09-02T13:54:16.672+0900][gc,cpu        ] GC(12) User=0.14s Sys=0.00s Real=0.04s
