[2021-09-02T14:15:30.202+0900][gc,heap] Heap region size: 1M
[2021-09-02T14:15:30.209+0900][gc     ] Using G1
[2021-09-02T14:15:30.209+0900][gc,heap,coops] Heap address: 0x00000000c0000000, size: 1024 MB, Compressed Oops mode: 32-bit
[2021-09-02T14:15:30.209+0900][gc,cds       ] Mark closed archive regions in map: [0x00000000fff00000, 0x00000000fff6aff8]
[2021-09-02T14:15:30.209+0900][gc,cds       ] Mark open archive regions in map: [0x00000000ffe00000, 0x00000000ffe46ff8]
[2021-09-02T14:15:31.075+0900][gc,start     ] GC(0) Pause Young (Normal) (G1 Evacuation Pause)
[2021-09-02T14:15:31.076+0900][gc,task      ] GC(0) Using 10 workers of 10 for evacuation
[2021-09-02T14:15:31.081+0900][gc,phases    ] GC(0)   Pre Evacuate Collection Set: 0.0ms
[2021-09-02T14:15:31.081+0900][gc,phases    ] GC(0)   Evacuate Collection Set: 5.0ms
[2021-09-02T14:15:31.081+0900][gc,phases    ] GC(0)   Post Evacuate Collection Set: 0.4ms
[2021-09-02T14:15:31.081+0900][gc,phases    ] GC(0)   Other: 0.7ms
[2021-09-02T14:15:31.081+0900][gc,heap      ] GC(0) Eden regions: 51->0(44)
[2021-09-02T14:15:31.081+0900][gc,heap      ] GC(0) Survivor regions: 0->7(7)
[2021-09-02T14:15:31.081+0900][gc,heap      ] GC(0) Old regions: 2->2
[2021-09-02T14:15:31.081+0900][gc,heap      ] GC(0) Humongous regions: 0->0
[2021-09-02T14:15:31.081+0900][gc,metaspace ] GC(0) Metaspace: 15567K->15567K(1062912K)
[2021-09-02T14:15:31.081+0900][gc           ] GC(0) Pause Young (Normal) (G1 Evacuation Pause) 51M->6M(1024M) 6.169ms
[2021-09-02T14:15:31.081+0900][gc,cpu       ] GC(0) User=0.05s Sys=0.00s Real=0.00s
[2021-09-02T14:15:31.374+0900][gc,start     ] GC(1) Pause Young (Concurrent Start) (Metadata GC Threshold)
[2021-09-02T14:15:31.374+0900][gc,task      ] GC(1) Using 10 workers of 10 for evacuation
[2021-09-02T14:15:31.381+0900][gc,phases    ] GC(1)   Pre Evacuate Collection Set: 0.1ms
[2021-09-02T14:15:31.381+0900][gc,phases    ] GC(1)   Evacuate Collection Set: 6.7ms
[2021-09-02T14:15:31.381+0900][gc,phases    ] GC(1)   Post Evacuate Collection Set: 0.3ms
[2021-09-02T14:15:31.381+0900][gc,phases    ] GC(1)   Other: 0.2ms
[2021-09-02T14:15:31.381+0900][gc,heap      ] GC(1) Eden regions: 21->0(49)
[2021-09-02T14:15:31.381+0900][gc,heap      ] GC(1) Survivor regions: 7->2(7)
[2021-09-02T14:15:31.381+0900][gc,heap      ] GC(1) Old regions: 2->9
[2021-09-02T14:15:31.381+0900][gc,heap      ] GC(1) Humongous regions: 129->129
[2021-09-02T14:15:31.381+0900][gc,metaspace ] GC(1) Metaspace: 20479K->20479K(1067008K)
[2021-09-02T14:15:31.381+0900][gc           ] GC(1) Pause Young (Concurrent Start) (Metadata GC Threshold) 156M->137M(1024M) 7.352ms
[2021-09-02T14:15:31.381+0900][gc,cpu       ] GC(1) User=0.04s Sys=0.00s Real=0.00s
[2021-09-02T14:15:31.381+0900][gc           ] GC(2) Concurrent Cycle
[2021-09-02T14:15:31.381+0900][gc,marking   ] GC(2) Concurrent Clear Claimed Marks
[2021-09-02T14:15:31.381+0900][gc,marking   ] GC(2) Concurrent Clear Claimed Marks 0.014ms
[2021-09-02T14:15:31.381+0900][gc,marking   ] GC(2) Concurrent Scan Root Regions
[2021-09-02T14:15:31.382+0900][gc,marking   ] GC(2) Concurrent Scan Root Regions 0.869ms
[2021-09-02T14:15:31.382+0900][gc,marking   ] GC(2) Concurrent Mark (1.184s)
[2021-09-02T14:15:31.382+0900][gc,marking   ] GC(2) Concurrent Mark From Roots
[2021-09-02T14:15:31.382+0900][gc,task      ] GC(2) Using 3 workers of 3 for marking
[2021-09-02T14:15:31.387+0900][gc,marking   ] GC(2) Concurrent Mark From Roots 5.401ms
[2021-09-02T14:15:31.387+0900][gc,marking   ] GC(2) Concurrent Preclean
[2021-09-02T14:15:31.387+0900][gc,marking   ] GC(2) Concurrent Preclean 0.096ms
[2021-09-02T14:15:31.387+0900][gc,marking   ] GC(2) Concurrent Mark (1.184s, 1.190s) 5.540ms
[2021-09-02T14:15:31.387+0900][gc,start     ] GC(2) Pause Remark
[2021-09-02T14:15:31.389+0900][gc,stringtable] GC(2) Cleaned string and symbol table, strings: 4988 processed, 0 removed, symbols: 50634 processed, 45 removed
[2021-09-02T14:15:31.389+0900][gc            ] GC(2) Pause Remark 138M->138M(1024M) 1.525ms
[2021-09-02T14:15:31.389+0900][gc,cpu        ] GC(2) User=0.01s Sys=0.00s Real=0.00s
[2021-09-02T14:15:31.389+0900][gc,marking    ] GC(2) Concurrent Rebuild Remembered Sets
[2021-09-02T14:15:31.392+0900][gc,marking    ] GC(2) Concurrent Rebuild Remembered Sets 3.076ms
[2021-09-02T14:15:31.392+0900][gc,start      ] GC(2) Pause Cleanup
[2021-09-02T14:15:31.392+0900][gc            ] GC(2) Pause Cleanup 138M->138M(1024M) 0.157ms
[2021-09-02T14:15:31.392+0900][gc,cpu        ] GC(2) User=0.00s Sys=0.00s Real=0.00s
[2021-09-02T14:15:31.392+0900][gc,marking    ] GC(2) Concurrent Cleanup for Next Mark
[2021-09-02T14:15:31.395+0900][gc,marking    ] GC(2) Concurrent Cleanup for Next Mark 2.229ms
[2021-09-02T14:15:31.395+0900][gc            ] GC(2) Concurrent Cycle 13.707ms
[2021-09-02T14:15:31.862+0900][gc,start      ] GC(3) Pause Young (Normal) (G1 Evacuation Pause)
[2021-09-02T14:15:31.862+0900][gc,task       ] GC(3) Using 10 workers of 10 for evacuation
[2021-09-02T14:15:31.866+0900][gc,phases     ] GC(3)   Pre Evacuate Collection Set: 0.0ms
[2021-09-02T14:15:31.867+0900][gc,phases     ] GC(3)   Evacuate Collection Set: 3.2ms
[2021-09-02T14:15:31.867+0900][gc,phases     ] GC(3)   Post Evacuate Collection Set: 0.6ms
[2021-09-02T14:15:31.867+0900][gc,phases     ] GC(3)   Other: 0.3ms
[2021-09-02T14:15:31.867+0900][gc,heap       ] GC(3) Eden regions: 49->0(45)
[2021-09-02T14:15:31.867+0900][gc,heap       ] GC(3) Survivor regions: 2->6(7)
[2021-09-02T14:15:31.867+0900][gc,heap       ] GC(3) Old regions: 9->9
[2021-09-02T14:15:31.867+0900][gc,heap       ] GC(3) Humongous regions: 129->129
[2021-09-02T14:15:31.867+0900][gc,metaspace  ] GC(3) Metaspace: 29962K->29962K(1077248K)
[2021-09-02T14:15:31.867+0900][gc            ] GC(3) Pause Young (Normal) (G1 Evacuation Pause) 186M->140M(1024M) 4.256ms
[2021-09-02T14:15:31.867+0900][gc,cpu        ] GC(3) User=0.03s Sys=0.01s Real=0.01s
[2021-09-02T14:15:43.178+0900][gc,start      ] GC(4) Pause Young (Concurrent Start) (Metadata GC Threshold)
[2021-09-02T14:15:43.178+0900][gc,task       ] GC(4) Using 10 workers of 10 for evacuation
[2021-09-02T14:15:43.186+0900][gc,phases     ] GC(4)   Pre Evacuate Collection Set: 0.2ms
[2021-09-02T14:15:43.186+0900][gc,phases     ] GC(4)   Evacuate Collection Set: 7.3ms
[2021-09-02T14:15:43.186+0900][gc,phases     ] GC(4)   Post Evacuate Collection Set: 0.4ms
[2021-09-02T14:15:43.186+0900][gc,phases     ] GC(4)   Other: 0.5ms
[2021-09-02T14:15:43.186+0900][gc,heap       ] GC(4) Eden regions: 27->0(49)
[2021-09-02T14:15:43.186+0900][gc,heap       ] GC(4) Survivor regions: 6->2(7)
[2021-09-02T14:15:43.186+0900][gc,heap       ] GC(4) Old regions: 9->14
[2021-09-02T14:15:43.186+0900][gc,heap       ] GC(4) Humongous regions: 129->129
[2021-09-02T14:15:43.186+0900][gc,metaspace  ] GC(4) Metaspace: 34305K->34305K(1081344K)
[2021-09-02T14:15:43.186+0900][gc            ] GC(4) Pause Young (Concurrent Start) (Metadata GC Threshold) 167M->142M(1024M) 8.526ms
[2021-09-02T14:15:43.186+0900][gc,cpu        ] GC(4) User=0.06s Sys=0.00s Real=0.01s
[2021-09-02T14:15:43.186+0900][gc            ] GC(5) Concurrent Cycle
[2021-09-02T14:15:43.186+0900][gc,marking    ] GC(5) Concurrent Clear Claimed Marks
[2021-09-02T14:15:43.187+0900][gc,marking    ] GC(5) Concurrent Clear Claimed Marks 0.079ms
[2021-09-02T14:15:43.187+0900][gc,marking    ] GC(5) Concurrent Scan Root Regions
[2021-09-02T14:15:43.188+0900][gc,marking    ] GC(5) Concurrent Scan Root Regions 1.007ms
[2021-09-02T14:15:43.188+0900][gc,marking    ] GC(5) Concurrent Mark (12.990s)
[2021-09-02T14:15:43.188+0900][gc,marking    ] GC(5) Concurrent Mark From Roots
[2021-09-02T14:15:43.188+0900][gc,task       ] GC(5) Using 3 workers of 3 for marking
[2021-09-02T14:15:43.197+0900][gc,marking    ] GC(5) Concurrent Mark From Roots 9.046ms
[2021-09-02T14:15:43.197+0900][gc,marking    ] GC(5) Concurrent Preclean
[2021-09-02T14:15:43.197+0900][gc,marking    ] GC(5) Concurrent Preclean 0.195ms
[2021-09-02T14:15:43.197+0900][gc,marking    ] GC(5) Concurrent Mark (12.990s, 12.999s) 9.288ms
[2021-09-02T14:15:43.197+0900][gc,start      ] GC(5) Pause Remark
[2021-09-02T14:15:43.207+0900][gc,stringtable] GC(5) Cleaned string and symbol table, strings: 10266 processed, 11 removed, symbols: 78879 processed, 18 removed
[2021-09-02T14:15:43.207+0900][gc            ] GC(5) Pause Remark 142M->142M(1024M) 9.859ms
[2021-09-02T14:15:43.207+0900][gc,cpu        ] GC(5) User=0.09s Sys=0.01s Real=0.01s
[2021-09-02T14:15:43.207+0900][gc,marking    ] GC(5) Concurrent Rebuild Remembered Sets
[2021-09-02T14:15:43.211+0900][gc,marking    ] GC(5) Concurrent Rebuild Remembered Sets 4.136ms
[2021-09-02T14:15:43.211+0900][gc,start      ] GC(5) Pause Cleanup
[2021-09-02T14:15:43.211+0900][gc            ] GC(5) Pause Cleanup 143M->143M(1024M) 0.258ms
[2021-09-02T14:15:43.211+0900][gc,cpu        ] GC(5) User=0.00s Sys=0.00s Real=0.00s
[2021-09-02T14:15:43.212+0900][gc,marking    ] GC(5) Concurrent Cleanup for Next Mark
[2021-09-02T14:15:43.215+0900][gc,marking    ] GC(5) Concurrent Cleanup for Next Mark 3.402ms
[2021-09-02T14:15:43.215+0900][gc            ] GC(5) Concurrent Cycle 28.567ms
[2021-09-02T14:17:01.301+0900][gc,heap,exit  ] Heap
[2021-09-02T14:17:01.301+0900][gc,heap,exit  ]  garbage-first heap   total 1048576K, used 185656K [0x00000000c0000000, 0x0000000100000000)
[2021-09-02T14:17:01.301+0900][gc,heap,exit  ]   region size 1024K, 42 young (43008K), 2 survivors (2048K)
[2021-09-02T14:17:01.301+0900][gc,heap,exit  ]  Metaspace       used 38044K, capacity 40102K, committed 40320K, reserved 1083392K
[2021-09-02T14:17:01.301+0900][gc,heap,exit  ]   class space    used 4764K, capacity 5732K, committed 5760K, reserved 1048576K
