[2021-09-16T18:04:03.332+0900][gc,heap] Heap region size: 1M
[2021-09-16T18:04:03.341+0900][gc     ] Using G1
[2021-09-16T18:04:03.341+0900][gc,heap,coops] Heap address: 0x00000000c0000000, size: 1024 MB, Compressed Oops mode: 32-bit
[2021-09-16T18:04:03.341+0900][gc,cds       ] Mark closed archive regions in map: [0x00000000fff00000, 0x00000000fff6aff8]
[2021-09-16T18:04:03.341+0900][gc,cds       ] Mark open archive regions in map: [0x00000000ffe00000, 0x00000000ffe46ff8]
[2021-09-16T18:04:04.106+0900][gc,start     ] GC(0) Pause Young (Normal) (G1 Evacuation Pause)
[2021-09-16T18:04:04.106+0900][gc,task      ] GC(0) Using 10 workers of 10 for evacuation
[2021-09-16T18:04:04.113+0900][gc,phases    ] GC(0)   Pre Evacuate Collection Set: 0.0ms
[2021-09-16T18:04:04.113+0900][gc,phases    ] GC(0)   Evacuate Collection Set: 6.1ms
[2021-09-16T18:04:04.113+0900][gc,phases    ] GC(0)   Post Evacuate Collection Set: 0.4ms
[2021-09-16T18:04:04.113+0900][gc,phases    ] GC(0)   Other: 0.9ms
[2021-09-16T18:04:04.113+0900][gc,heap      ] GC(0) Eden regions: 51->0(44)
[2021-09-16T18:04:04.113+0900][gc,heap      ] GC(0) Survivor regions: 0->7(7)
[2021-09-16T18:04:04.113+0900][gc,heap      ] GC(0) Old regions: 2->2
[2021-09-16T18:04:04.113+0900][gc,heap      ] GC(0) Humongous regions: 0->0
[2021-09-16T18:04:04.113+0900][gc,metaspace ] GC(0) Metaspace: 15545K->15545K(1062912K)
[2021-09-16T18:04:04.113+0900][gc           ] GC(0) Pause Young (Normal) (G1 Evacuation Pause) 51M->6M(1024M) 7.611ms
[2021-09-16T18:04:04.113+0900][gc,cpu       ] GC(0) User=0.05s Sys=0.00s Real=0.01s
[2021-09-16T18:04:04.359+0900][gc,start     ] GC(1) Pause Young (Concurrent Start) (Metadata GC Threshold)
[2021-09-16T18:04:04.359+0900][gc,task      ] GC(1) Using 10 workers of 10 for evacuation
[2021-09-16T18:04:04.366+0900][gc,phases    ] GC(1)   Pre Evacuate Collection Set: 0.1ms
[2021-09-16T18:04:04.366+0900][gc,phases    ] GC(1)   Evacuate Collection Set: 6.7ms
[2021-09-16T18:04:04.366+0900][gc,phases    ] GC(1)   Post Evacuate Collection Set: 0.2ms
[2021-09-16T18:04:04.366+0900][gc,phases    ] GC(1)   Other: 0.2ms
[2021-09-16T18:04:04.366+0900][gc,heap      ] GC(1) Eden regions: 21->0(49)
[2021-09-16T18:04:04.366+0900][gc,heap      ] GC(1) Survivor regions: 7->2(7)
[2021-09-16T18:04:04.366+0900][gc,heap      ] GC(1) Old regions: 2->9
[2021-09-16T18:04:04.366+0900][gc,heap      ] GC(1) Humongous regions: 129->129
[2021-09-16T18:04:04.366+0900][gc,metaspace ] GC(1) Metaspace: 20554K->20554K(1067008K)
[2021-09-16T18:04:04.366+0900][gc           ] GC(1) Pause Young (Concurrent Start) (Metadata GC Threshold) 156M->137M(1024M) 7.269ms
[2021-09-16T18:04:04.366+0900][gc,cpu       ] GC(1) User=0.05s Sys=0.00s Real=0.01s
[2021-09-16T18:04:04.366+0900][gc           ] GC(2) Concurrent Cycle
[2021-09-16T18:04:04.366+0900][gc,marking   ] GC(2) Concurrent Clear Claimed Marks
[2021-09-16T18:04:04.366+0900][gc,marking   ] GC(2) Concurrent Clear Claimed Marks 0.016ms
[2021-09-16T18:04:04.366+0900][gc,marking   ] GC(2) Concurrent Scan Root Regions
[2021-09-16T18:04:04.367+0900][gc,marking   ] GC(2) Concurrent Scan Root Regions 0.816ms
[2021-09-16T18:04:04.367+0900][gc,marking   ] GC(2) Concurrent Mark (1.037s)
[2021-09-16T18:04:04.367+0900][gc,marking   ] GC(2) Concurrent Mark From Roots
[2021-09-16T18:04:04.367+0900][gc,task      ] GC(2) Using 3 workers of 3 for marking
[2021-09-16T18:04:04.372+0900][gc,marking   ] GC(2) Concurrent Mark From Roots 4.735ms
[2021-09-16T18:04:04.372+0900][gc,marking   ] GC(2) Concurrent Preclean
[2021-09-16T18:04:04.372+0900][gc,marking   ] GC(2) Concurrent Preclean 0.087ms
[2021-09-16T18:04:04.372+0900][gc,marking   ] GC(2) Concurrent Mark (1.037s, 1.042s) 4.857ms
[2021-09-16T18:04:04.372+0900][gc,start     ] GC(2) Pause Remark
[2021-09-16T18:04:04.374+0900][gc,stringtable] GC(2) Cleaned string and symbol table, strings: 5011 processed, 0 removed, symbols: 51069 processed, 44 removed
[2021-09-16T18:04:04.374+0900][gc            ] GC(2) Pause Remark 138M->138M(1024M) 1.406ms
[2021-09-16T18:04:04.374+0900][gc,cpu        ] GC(2) User=0.01s Sys=0.00s Real=0.00s
[2021-09-16T18:04:04.374+0900][gc,marking    ] GC(2) Concurrent Rebuild Remembered Sets
[2021-09-16T18:04:04.376+0900][gc,marking    ] GC(2) Concurrent Rebuild Remembered Sets 2.173ms
[2021-09-16T18:04:04.376+0900][gc,start      ] GC(2) Pause Cleanup
[2021-09-16T18:04:04.376+0900][gc            ] GC(2) Pause Cleanup 138M->138M(1024M) 0.156ms
[2021-09-16T18:04:04.376+0900][gc,cpu        ] GC(2) User=0.00s Sys=0.00s Real=0.00s
[2021-09-16T18:04:04.376+0900][gc,marking    ] GC(2) Concurrent Cleanup for Next Mark
[2021-09-16T18:04:04.378+0900][gc,marking    ] GC(2) Concurrent Cleanup for Next Mark 2.172ms
[2021-09-16T18:04:04.378+0900][gc            ] GC(2) Concurrent Cycle 12.559ms
[2021-09-16T18:04:04.811+0900][gc,start      ] GC(3) Pause Young (Normal) (G1 Evacuation Pause)
[2021-09-16T18:04:04.811+0900][gc,task       ] GC(3) Using 10 workers of 10 for evacuation
[2021-09-16T18:04:04.814+0900][gc,phases     ] GC(3)   Pre Evacuate Collection Set: 0.0ms
[2021-09-16T18:04:04.814+0900][gc,phases     ] GC(3)   Evacuate Collection Set: 2.6ms
[2021-09-16T18:04:04.814+0900][gc,phases     ] GC(3)   Post Evacuate Collection Set: 0.3ms
[2021-09-16T18:04:04.814+0900][gc,phases     ] GC(3)   Other: 0.2ms
[2021-09-16T18:04:04.814+0900][gc,heap       ] GC(3) Eden regions: 49->0(45)
[2021-09-16T18:04:04.814+0900][gc,heap       ] GC(3) Survivor regions: 2->6(7)
[2021-09-16T18:04:04.814+0900][gc,heap       ] GC(3) Old regions: 9->9
[2021-09-16T18:04:04.814+0900][gc,heap       ] GC(3) Humongous regions: 129->129
[2021-09-16T18:04:04.814+0900][gc,metaspace  ] GC(3) Metaspace: 29856K->29856K(1077248K)
[2021-09-16T18:04:04.814+0900][gc            ] GC(3) Pause Young (Normal) (G1 Evacuation Pause) 186M->140M(1024M) 3.144ms
[2021-09-16T18:04:04.814+0900][gc,cpu        ] GC(3) User=0.02s Sys=0.00s Real=0.00s
[2021-09-16T18:04:23.660+0900][gc,start      ] GC(4) Pause Young (Concurrent Start) (Metadata GC Threshold)
[2021-09-16T18:04:23.660+0900][gc,task       ] GC(4) Using 10 workers of 10 for evacuation
[2021-09-16T18:04:23.666+0900][gc,phases     ] GC(4)   Pre Evacuate Collection Set: 0.1ms
[2021-09-16T18:04:23.666+0900][gc,phases     ] GC(4)   Evacuate Collection Set: 5.3ms
[2021-09-16T18:04:23.666+0900][gc,phases     ] GC(4)   Post Evacuate Collection Set: 0.4ms
[2021-09-16T18:04:23.666+0900][gc,phases     ] GC(4)   Other: 0.2ms
[2021-09-16T18:04:23.666+0900][gc,heap       ] GC(4) Eden regions: 21->0(49)
[2021-09-16T18:04:23.666+0900][gc,heap       ] GC(4) Survivor regions: 6->2(7)
[2021-09-16T18:04:23.666+0900][gc,heap       ] GC(4) Old regions: 9->13
[2021-09-16T18:04:23.666+0900][gc,heap       ] GC(4) Humongous regions: 129->129
[2021-09-16T18:04:23.666+0900][gc,metaspace  ] GC(4) Metaspace: 34281K->34281K(1081344K)
[2021-09-16T18:04:23.666+0900][gc            ] GC(4) Pause Young (Concurrent Start) (Metadata GC Threshold) 161M->141M(1024M) 6.091ms
[2021-09-16T18:04:23.666+0900][gc,cpu        ] GC(4) User=0.04s Sys=0.00s Real=0.00s
[2021-09-16T18:04:23.666+0900][gc            ] GC(5) Concurrent Cycle
[2021-09-16T18:04:23.666+0900][gc,marking    ] GC(5) Concurrent Clear Claimed Marks
[2021-09-16T18:04:23.666+0900][gc,marking    ] GC(5) Concurrent Clear Claimed Marks 0.051ms
[2021-09-16T18:04:23.666+0900][gc,marking    ] GC(5) Concurrent Scan Root Regions
[2021-09-16T18:04:23.667+0900][gc,marking    ] GC(5) Concurrent Scan Root Regions 1.020ms
[2021-09-16T18:04:23.667+0900][gc,marking    ] GC(5) Concurrent Mark (20.338s)
[2021-09-16T18:04:23.667+0900][gc,marking    ] GC(5) Concurrent Mark From Roots
[2021-09-16T18:04:23.667+0900][gc,task       ] GC(5) Using 3 workers of 3 for marking
[2021-09-16T18:04:23.677+0900][gc,marking    ] GC(5) Concurrent Mark From Roots 9.583ms
[2021-09-16T18:04:23.677+0900][gc,marking    ] GC(5) Concurrent Preclean
[2021-09-16T18:04:23.677+0900][gc,marking    ] GC(5) Concurrent Preclean 0.166ms
[2021-09-16T18:04:23.677+0900][gc,marking    ] GC(5) Concurrent Mark (20.338s, 20.347s) 9.814ms
[2021-09-16T18:04:23.677+0900][gc,start      ] GC(5) Pause Remark
[2021-09-16T18:04:23.681+0900][gc,stringtable] GC(5) Cleaned string and symbol table, strings: 9886 processed, 10 removed, symbols: 79151 processed, 18 removed
[2021-09-16T18:04:23.681+0900][gc            ] GC(5) Pause Remark 142M->142M(1024M) 4.198ms
[2021-09-16T18:04:23.681+0900][gc,cpu        ] GC(5) User=0.02s Sys=0.00s Real=0.01s
[2021-09-16T18:04:23.681+0900][gc,marking    ] GC(5) Concurrent Rebuild Remembered Sets
[2021-09-16T18:04:23.686+0900][gc,marking    ] GC(5) Concurrent Rebuild Remembered Sets 4.558ms
[2021-09-16T18:04:23.686+0900][gc,start      ] GC(5) Pause Cleanup
[2021-09-16T18:04:23.686+0900][gc            ] GC(5) Pause Cleanup 142M->142M(1024M) 0.247ms
[2021-09-16T18:04:23.686+0900][gc,cpu        ] GC(5) User=0.00s Sys=0.00s Real=0.00s
[2021-09-16T18:04:23.686+0900][gc,marking    ] GC(5) Concurrent Cleanup for Next Mark
[2021-09-16T18:04:23.689+0900][gc,marking    ] GC(5) Concurrent Cleanup for Next Mark 3.097ms
[2021-09-16T18:04:23.690+0900][gc            ] GC(5) Concurrent Cycle 23.492ms
[2021-09-16T18:08:34.418+0900][gc,start      ] GC(6) Pause Young (Normal) (G1 Evacuation Pause)
[2021-09-16T18:08:34.419+0900][gc,task       ] GC(6) Using 10 workers of 10 for evacuation
[2021-09-16T18:08:34.427+0900][gc,phases     ] GC(6)   Pre Evacuate Collection Set: 0.0ms
[2021-09-16T18:08:34.427+0900][gc,phases     ] GC(6)   Evacuate Collection Set: 8.0ms
[2021-09-16T18:08:34.427+0900][gc,phases     ] GC(6)   Post Evacuate Collection Set: 0.5ms
[2021-09-16T18:08:34.427+0900][gc,phases     ] GC(6)   Other: 0.2ms
[2021-09-16T18:08:34.427+0900][gc,heap       ] GC(6) Eden regions: 49->0(46)
[2021-09-16T18:08:34.427+0900][gc,heap       ] GC(6) Survivor regions: 2->5(7)
[2021-09-16T18:08:34.427+0900][gc,heap       ] GC(6) Old regions: 13->13
[2021-09-16T18:08:34.427+0900][gc,heap       ] GC(6) Humongous regions: 129->129
[2021-09-16T18:08:34.427+0900][gc,metaspace  ] GC(6) Metaspace: 37790K->37790K(1083392K)
[2021-09-16T18:08:34.427+0900][gc            ] GC(6) Pause Young (Normal) (G1 Evacuation Pause) 190M->144M(1024M) 8.832ms
[2021-09-16T18:08:34.427+0900][gc,cpu        ] GC(6) User=0.06s Sys=0.00s Real=0.01s
[2021-09-16T18:16:38.644+0900][gc,start      ] GC(7) Pause Young (Normal) (G1 Evacuation Pause)
[2021-09-16T18:16:38.644+0900][gc,task       ] GC(7) Using 10 workers of 10 for evacuation
[2021-09-16T18:16:38.653+0900][gc,phases     ] GC(7)   Pre Evacuate Collection Set: 0.0ms
[2021-09-16T18:16:38.653+0900][gc,phases     ] GC(7)   Evacuate Collection Set: 9.0ms
[2021-09-16T18:16:38.653+0900][gc,phases     ] GC(7)   Post Evacuate Collection Set: 0.3ms
[2021-09-16T18:16:38.653+0900][gc,phases     ] GC(7)   Other: 0.2ms
[2021-09-16T18:16:38.653+0900][gc,heap       ] GC(7) Eden regions: 46->0(47)
[2021-09-16T18:16:38.653+0900][gc,heap       ] GC(7) Survivor regions: 5->4(7)
[2021-09-16T18:16:38.653+0900][gc,heap       ] GC(7) Old regions: 13->14
[2021-09-16T18:16:38.653+0900][gc,heap       ] GC(7) Humongous regions: 129->129
[2021-09-16T18:16:38.653+0900][gc,metaspace  ] GC(7) Metaspace: 38032K->38032K(1083392K)
[2021-09-16T18:16:38.653+0900][gc            ] GC(7) Pause Young (Normal) (G1 Evacuation Pause) 190M->145M(1024M) 9.696ms
[2021-09-16T18:16:38.653+0900][gc,cpu        ] GC(7) User=0.06s Sys=0.00s Real=0.01s
[2021-09-16T18:25:31.111+0900][gc,start      ] GC(8) Pause Young (Normal) (G1 Evacuation Pause)
[2021-09-16T18:25:31.111+0900][gc,task       ] GC(8) Using 10 workers of 10 for evacuation
[2021-09-16T18:25:31.117+0900][gc,phases     ] GC(8)   Pre Evacuate Collection Set: 0.0ms
[2021-09-16T18:25:31.117+0900][gc,phases     ] GC(8)   Evacuate Collection Set: 5.4ms
[2021-09-16T18:25:31.117+0900][gc,phases     ] GC(8)   Post Evacuate Collection Set: 0.3ms
[2021-09-16T18:25:31.117+0900][gc,phases     ] GC(8)   Other: 0.2ms
[2021-09-16T18:25:31.117+0900][gc,heap       ] GC(8) Eden regions: 47->0(48)
[2021-09-16T18:25:31.117+0900][gc,heap       ] GC(8) Survivor regions: 4->3(7)
[2021-09-16T18:25:31.117+0900][gc,heap       ] GC(8) Old regions: 14->16
[2021-09-16T18:25:31.117+0900][gc,heap       ] GC(8) Humongous regions: 129->129
[2021-09-16T18:25:31.117+0900][gc,metaspace  ] GC(8) Metaspace: 38089K->38089K(1083392K)
[2021-09-16T18:25:31.117+0900][gc            ] GC(8) Pause Young (Normal) (G1 Evacuation Pause) 192M->145M(1024M) 6.008ms
[2021-09-16T18:25:31.117+0900][gc,cpu        ] GC(8) User=0.03s Sys=0.01s Real=0.00s
[2021-09-16T18:34:52.682+0900][gc,start      ] GC(9) Pause Young (Normal) (G1 Evacuation Pause)
[2021-09-16T18:34:52.682+0900][gc,task       ] GC(9) Using 10 workers of 10 for evacuation
[2021-09-16T18:34:52.685+0900][gc,phases     ] GC(9)   Pre Evacuate Collection Set: 0.0ms
[2021-09-16T18:34:52.685+0900][gc,phases     ] GC(9)   Evacuate Collection Set: 2.6ms
[2021-09-16T18:34:52.685+0900][gc,phases     ] GC(9)   Post Evacuate Collection Set: 0.4ms
[2021-09-16T18:34:52.685+0900][gc,phases     ] GC(9)   Other: 0.2ms
[2021-09-16T18:34:52.685+0900][gc,heap       ] GC(9) Eden regions: 48->0(67)
[2021-09-16T18:34:52.685+0900][gc,heap       ] GC(9) Survivor regions: 3->2(7)
[2021-09-16T18:34:52.685+0900][gc,heap       ] GC(9) Old regions: 16->16
[2021-09-16T18:34:52.685+0900][gc,heap       ] GC(9) Humongous regions: 129->129
[2021-09-16T18:34:52.685+0900][gc,metaspace  ] GC(9) Metaspace: 38123K->38123K(1083392K)
[2021-09-16T18:34:52.685+0900][gc            ] GC(9) Pause Young (Normal) (G1 Evacuation Pause) 193M->145M(1024M) 3.285ms
[2021-09-16T18:34:52.685+0900][gc,cpu        ] GC(9) User=0.02s Sys=0.00s Real=0.00s
[2021-09-16T18:48:28.644+0900][gc,start      ] GC(10) Pause Young (Normal) (G1 Evacuation Pause)
[2021-09-16T18:48:28.644+0900][gc,task       ] GC(10) Using 10 workers of 10 for evacuation
[2021-09-16T18:48:28.647+0900][gc,phases     ] GC(10)   Pre Evacuate Collection Set: 0.0ms
[2021-09-16T18:48:28.647+0900][gc,phases     ] GC(10)   Evacuate Collection Set: 2.4ms
[2021-09-16T18:48:28.647+0900][gc,phases     ] GC(10)   Post Evacuate Collection Set: 0.4ms
[2021-09-16T18:48:28.647+0900][gc,phases     ] GC(10)   Other: 0.2ms
[2021-09-16T18:48:28.647+0900][gc,heap       ] GC(10) Eden regions: 67->0(127)
[2021-09-16T18:48:28.647+0900][gc,heap       ] GC(10) Survivor regions: 2->3(9)
[2021-09-16T18:48:28.647+0900][gc,heap       ] GC(10) Old regions: 16->16
[2021-09-16T18:48:28.647+0900][gc,heap       ] GC(10) Humongous regions: 129->129
[2021-09-16T18:48:28.647+0900][gc,metaspace  ] GC(10) Metaspace: 38181K->38181K(1083392K)
[2021-09-16T18:48:28.647+0900][gc            ] GC(10) Pause Young (Normal) (G1 Evacuation Pause) 212M->145M(1024M) 3.132ms
[2021-09-16T18:48:28.647+0900][gc,cpu        ] GC(10) User=0.02s Sys=0.00s Real=0.00s
[2021-09-16T19:13:37.431+0900][gc,start      ] GC(11) Pause Young (Normal) (G1 Evacuation Pause)
[2021-09-16T19:13:37.431+0900][gc,task       ] GC(11) Using 10 workers of 10 for evacuation
[2021-09-16T19:13:37.436+0900][gc,phases     ] GC(11)   Pre Evacuate Collection Set: 0.0ms
[2021-09-16T19:13:37.436+0900][gc,phases     ] GC(11)   Evacuate Collection Set: 3.8ms
[2021-09-16T19:13:37.436+0900][gc,phases     ] GC(11)   Post Evacuate Collection Set: 0.7ms
[2021-09-16T19:13:37.436+0900][gc,phases     ] GC(11)   Other: 0.2ms
[2021-09-16T19:13:37.436+0900][gc,heap       ] GC(11) Eden regions: 127->0(147)
[2021-09-16T19:13:37.436+0900][gc,heap       ] GC(11) Survivor regions: 3->4(17)
[2021-09-16T19:13:37.436+0900][gc,heap       ] GC(11) Old regions: 16->16
[2021-09-16T19:13:37.436+0900][gc,heap       ] GC(11) Humongous regions: 129->129
[2021-09-16T19:13:37.436+0900][gc,metaspace  ] GC(11) Metaspace: 38311K->38311K(1083392K)
[2021-09-16T19:13:37.436+0900][gc            ] GC(11) Pause Young (Normal) (G1 Evacuation Pause) 272M->146M(1024M) 4.834ms
[2021-09-16T19:13:37.436+0900][gc,cpu        ] GC(11) User=0.02s Sys=0.01s Real=0.00s
[2021-09-16T19:43:40.291+0900][gc,start      ] GC(12) Pause Young (Normal) (G1 Evacuation Pause)
[2021-09-16T19:43:40.291+0900][gc,task       ] GC(12) Using 10 workers of 10 for evacuation
[2021-09-16T19:43:40.296+0900][gc,phases     ] GC(12)   Pre Evacuate Collection Set: 0.0ms
[2021-09-16T19:43:40.297+0900][gc,phases     ] GC(12)   Evacuate Collection Set: 4.5ms
[2021-09-16T19:43:40.297+0900][gc,phases     ] GC(12)   Post Evacuate Collection Set: 0.6ms
[2021-09-16T19:43:40.297+0900][gc,phases     ] GC(12)   Other: 0.2ms
[2021-09-16T19:43:40.297+0900][gc,heap       ] GC(12) Eden regions: 147->0(173)
[2021-09-16T19:43:40.297+0900][gc,heap       ] GC(12) Survivor regions: 4->5(19)
[2021-09-16T19:43:40.297+0900][gc,heap       ] GC(12) Old regions: 16->16
[2021-09-16T19:43:40.297+0900][gc,heap       ] GC(12) Humongous regions: 129->129
[2021-09-16T19:43:40.297+0900][gc,metaspace  ] GC(12) Metaspace: 38349K->38349K(1083392K)
[2021-09-16T19:43:40.297+0900][gc            ] GC(12) Pause Young (Normal) (G1 Evacuation Pause) 293M->147M(1024M) 5.405ms
[2021-09-16T19:43:40.297+0900][gc,cpu        ] GC(12) User=0.03s Sys=0.01s Real=0.00s
[2021-09-16T20:18:33.644+0900][gc,start      ] GC(13) Pause Young (Normal) (G1 Evacuation Pause)
[2021-09-16T20:18:33.644+0900][gc,task       ] GC(13) Using 10 workers of 10 for evacuation
[2021-09-16T20:18:33.648+0900][gc,phases     ] GC(13)   Pre Evacuate Collection Set: 0.0ms
[2021-09-16T20:18:33.648+0900][gc,phases     ] GC(13)   Evacuate Collection Set: 3.0ms
[2021-09-16T20:18:33.648+0900][gc,phases     ] GC(13)   Post Evacuate Collection Set: 0.4ms
[2021-09-16T20:18:33.648+0900][gc,phases     ] GC(13)   Other: 0.2ms
[2021-09-16T20:18:33.648+0900][gc,heap       ] GC(13) Eden regions: 173->0(609)
[2021-09-16T20:18:33.648+0900][gc,heap       ] GC(13) Survivor regions: 5->5(23)
[2021-09-16T20:18:33.648+0900][gc,heap       ] GC(13) Old regions: 16->16
[2021-09-16T20:18:33.648+0900][gc,heap       ] GC(13) Humongous regions: 129->129
[2021-09-16T20:18:33.648+0900][gc,metaspace  ] GC(13) Metaspace: 38401K->38401K(1083392K)
[2021-09-16T20:18:33.648+0900][gc            ] GC(13) Pause Young (Normal) (G1 Evacuation Pause) 320M->147M(1024M) 3.720ms
[2021-09-16T20:18:33.648+0900][gc,cpu        ] GC(13) User=0.03s Sys=0.00s Real=0.00s
[2021-09-16T21:47:12.614+0900][gc,start      ] GC(14) Pause Young (Normal) (G1 Evacuation Pause)
[2021-09-16T21:47:12.614+0900][gc,task       ] GC(14) Using 10 workers of 10 for evacuation
[2021-09-16T21:47:12.619+0900][gc,phases     ] GC(14)   Pre Evacuate Collection Set: 0.0ms
[2021-09-16T21:47:12.619+0900][gc,phases     ] GC(14)   Evacuate Collection Set: 4.6ms
[2021-09-16T21:47:12.619+0900][gc,phases     ] GC(14)   Post Evacuate Collection Set: 0.6ms
[2021-09-16T21:47:12.619+0900][gc,phases     ] GC(14)   Other: 0.3ms
[2021-09-16T21:47:12.619+0900][gc,heap       ] GC(14) Eden regions: 609->0(609)
[2021-09-16T21:47:12.619+0900][gc,heap       ] GC(14) Survivor regions: 5->5(77)
[2021-09-16T21:47:12.619+0900][gc,heap       ] GC(14) Old regions: 16->16
[2021-09-16T21:47:12.619+0900][gc,heap       ] GC(14) Humongous regions: 129->129
[2021-09-16T21:47:12.619+0900][gc,metaspace  ] GC(14) Metaspace: 38728K->38728K(1085440K)
[2021-09-16T21:47:12.619+0900][gc            ] GC(14) Pause Young (Normal) (G1 Evacuation Pause) 756M->148M(1024M) 5.661ms
[2021-09-16T21:47:12.619+0900][gc,cpu        ] GC(14) User=0.03s Sys=0.00s Real=0.01s
