[2021-09-02T21:21:15.174+0900][gc,heap] Heap region size: 1M
[2021-09-02T21:21:15.199+0900][gc     ] Using G1
[2021-09-02T21:21:15.199+0900][gc,heap,coops] Heap address: 0x00000000c0000000, size: 1024 MB, Compressed Oops mode: 32-bit
[2021-09-02T21:21:15.200+0900][gc,cds       ] Mark closed archive regions in map: [0x00000000fff00000, 0x00000000fff6aff8]
[2021-09-02T21:21:15.200+0900][gc,cds       ] Mark open archive regions in map: [0x00000000ffe00000, 0x00000000ffe46ff8]
[2021-09-02T21:21:16.974+0900][gc,start     ] GC(0) Pause Young (Normal) (G1 Evacuation Pause)
[2021-09-02T21:21:16.979+0900][gc,task      ] GC(0) Using 10 workers of 10 for evacuation
[2021-09-02T21:21:17.008+0900][gc,mmu       ] GC(0) MMU target violated: 21.0ms (20.0ms/21.0ms)
[2021-09-02T21:21:17.008+0900][gc,phases    ] GC(0)   Pre Evacuate Collection Set: 0.0ms
[2021-09-02T21:21:17.008+0900][gc,phases    ] GC(0)   Evacuate Collection Set: 27.5ms
[2021-09-02T21:21:17.008+0900][gc,phases    ] GC(0)   Post Evacuate Collection Set: 0.6ms
[2021-09-02T21:21:17.008+0900][gc,phases    ] GC(0)   Other: 5.4ms
[2021-09-02T21:21:17.008+0900][gc,heap      ] GC(0) Eden regions: 51->0(44)
[2021-09-02T21:21:17.008+0900][gc,heap      ] GC(0) Survivor regions: 0->7(7)
[2021-09-02T21:21:17.008+0900][gc,heap      ] GC(0) Old regions: 2->2
[2021-09-02T21:21:17.008+0900][gc,heap      ] GC(0) Humongous regions: 0->0
[2021-09-02T21:21:17.008+0900][gc,metaspace ] GC(0) Metaspace: 15748K->15748K(1062912K)
[2021-09-02T21:21:17.008+0900][gc           ] GC(0) Pause Young (Normal) (G1 Evacuation Pause) 51M->6M(1024M) 33.608ms
[2021-09-02T21:21:17.008+0900][gc,cpu       ] GC(0) User=0.09s Sys=0.01s Real=0.04s
[2021-09-02T21:21:17.608+0900][gc,start     ] GC(1) Pause Young (Concurrent Start) (Metadata GC Threshold)
[2021-09-02T21:21:17.608+0900][gc,task      ] GC(1) Using 10 workers of 10 for evacuation
[2021-09-02T21:21:17.642+0900][gc,mmu       ] GC(1) MMU target violated: 21.0ms (20.0ms/21.0ms)
[2021-09-02T21:21:17.642+0900][gc,phases    ] GC(1)   Pre Evacuate Collection Set: 0.1ms
[2021-09-02T21:21:17.642+0900][gc,phases    ] GC(1)   Evacuate Collection Set: 32.7ms
[2021-09-02T21:21:17.642+0900][gc,phases    ] GC(1)   Post Evacuate Collection Set: 0.5ms
[2021-09-02T21:21:17.642+0900][gc,phases    ] GC(1)   Other: 0.9ms
[2021-09-02T21:21:17.642+0900][gc,heap      ] GC(1) Eden regions: 20->0(49)
[2021-09-02T21:21:17.642+0900][gc,heap      ] GC(1) Survivor regions: 7->2(7)
[2021-09-02T21:21:17.642+0900][gc,heap      ] GC(1) Old regions: 2->9
[2021-09-02T21:21:17.642+0900][gc,heap      ] GC(1) Humongous regions: 129->129
[2021-09-02T21:21:17.642+0900][gc,metaspace ] GC(1) Metaspace: 20542K->20542K(1067008K)
[2021-09-02T21:21:17.642+0900][gc           ] GC(1) Pause Young (Concurrent Start) (Metadata GC Threshold) 155M->137M(1024M) 34.328ms
[2021-09-02T21:21:17.642+0900][gc,cpu       ] GC(1) User=0.08s Sys=0.01s Real=0.03s
[2021-09-02T21:21:17.643+0900][gc           ] GC(2) Concurrent Cycle
[2021-09-02T21:21:17.643+0900][gc,marking   ] GC(2) Concurrent Clear Claimed Marks
[2021-09-02T21:21:17.643+0900][gc,marking   ] GC(2) Concurrent Clear Claimed Marks 0.060ms
[2021-09-02T21:21:17.643+0900][gc,marking   ] GC(2) Concurrent Scan Root Regions
[2021-09-02T21:21:17.645+0900][gc,marking   ] GC(2) Concurrent Scan Root Regions 1.152ms
[2021-09-02T21:21:17.645+0900][gc,marking   ] GC(2) Concurrent Mark (2.475s)
[2021-09-02T21:21:17.645+0900][gc,marking   ] GC(2) Concurrent Mark From Roots
[2021-09-02T21:21:17.647+0900][gc,task      ] GC(2) Using 3 workers of 3 for marking
[2021-09-02T21:21:17.656+0900][gc,marking   ] GC(2) Concurrent Mark From Roots 11.668ms
[2021-09-02T21:21:17.656+0900][gc,marking   ] GC(2) Concurrent Preclean
[2021-09-02T21:21:17.657+0900][gc,marking   ] GC(2) Concurrent Preclean 0.199ms
[2021-09-02T21:21:17.657+0900][gc,marking   ] GC(2) Concurrent Mark (2.475s, 2.487s) 11.962ms
[2021-09-02T21:21:17.657+0900][gc,start     ] GC(2) Pause Remark
[2021-09-02T21:21:17.665+0900][gc,stringtable] GC(2) Cleaned string and symbol table, strings: 4998 processed, 0 removed, symbols: 50683 processed, 45 removed
[2021-09-02T21:21:17.666+0900][gc            ] GC(2) Pause Remark 138M->138M(1024M) 8.856ms
[2021-09-02T21:21:17.666+0900][gc,cpu        ] GC(2) User=0.02s Sys=0.00s Real=0.00s
[2021-09-02T21:21:17.666+0900][gc,marking    ] GC(2) Concurrent Rebuild Remembered Sets
[2021-09-02T21:21:17.671+0900][gc,marking    ] GC(2) Concurrent Rebuild Remembered Sets 5.269ms
[2021-09-02T21:21:17.672+0900][gc,start      ] GC(2) Pause Cleanup
[2021-09-02T21:21:17.672+0900][gc            ] GC(2) Pause Cleanup 138M->138M(1024M) 0.251ms
[2021-09-02T21:21:17.672+0900][gc,cpu        ] GC(2) User=0.00s Sys=0.00s Real=0.00s
[2021-09-02T21:21:17.672+0900][gc,marking    ] GC(2) Concurrent Cleanup for Next Mark
[2021-09-02T21:21:17.678+0900][gc,marking    ] GC(2) Concurrent Cleanup for Next Mark 5.978ms
[2021-09-02T21:21:17.678+0900][gc            ] GC(2) Concurrent Cycle 34.673ms
[2021-09-02T21:21:18.761+0900][gc,start      ] GC(3) Pause Young (Normal) (G1 Evacuation Pause)
[2021-09-02T21:21:18.761+0900][gc,task       ] GC(3) Using 10 workers of 10 for evacuation
[2021-09-02T21:21:18.776+0900][gc,phases     ] GC(3)   Pre Evacuate Collection Set: 0.0ms
[2021-09-02T21:21:18.776+0900][gc,phases     ] GC(3)   Evacuate Collection Set: 13.8ms
[2021-09-02T21:21:18.776+0900][gc,phases     ] GC(3)   Post Evacuate Collection Set: 0.9ms
[2021-09-02T21:21:18.776+0900][gc,phases     ] GC(3)   Other: 0.2ms
[2021-09-02T21:21:18.776+0900][gc,heap       ] GC(3) Eden regions: 49->0(45)
[2021-09-02T21:21:18.776+0900][gc,heap       ] GC(3) Survivor regions: 2->6(7)
[2021-09-02T21:21:18.776+0900][gc,heap       ] GC(3) Old regions: 9->9
[2021-09-02T21:21:18.776+0900][gc,heap       ] GC(3) Humongous regions: 129->129
[2021-09-02T21:21:18.776+0900][gc,metaspace  ] GC(3) Metaspace: 30122K->30122K(1077248K)
[2021-09-02T21:21:18.776+0900][gc            ] GC(3) Pause Young (Normal) (G1 Evacuation Pause) 186M->141M(1024M) 14.974ms
[2021-09-02T21:21:18.776+0900][gc,cpu        ] GC(3) User=0.04s Sys=0.00s Real=0.02s
[2021-09-02T21:21:21.563+0900][gc,start      ] GC(4) Pause Young (Concurrent Start) (Metadata GC Threshold)
[2021-09-02T21:21:21.563+0900][gc,task       ] GC(4) Using 10 workers of 10 for evacuation
[2021-09-02T21:21:21.603+0900][gc,mmu        ] GC(4) MMU target violated: 21.0ms (20.0ms/21.0ms)
[2021-09-02T21:21:21.603+0900][gc,phases     ] GC(4)   Pre Evacuate Collection Set: 0.2ms
[2021-09-02T21:21:21.603+0900][gc,phases     ] GC(4)   Evacuate Collection Set: 33.6ms
[2021-09-02T21:21:21.603+0900][gc,phases     ] GC(4)   Post Evacuate Collection Set: 5.2ms
[2021-09-02T21:21:21.603+0900][gc,phases     ] GC(4)   Other: 0.5ms
[2021-09-02T21:21:21.603+0900][gc,heap       ] GC(4) Eden regions: 30->0(49)
[2021-09-02T21:21:21.603+0900][gc,heap       ] GC(4) Survivor regions: 6->2(7)
[2021-09-02T21:21:21.603+0900][gc,heap       ] GC(4) Old regions: 9->14
[2021-09-02T21:21:21.603+0900][gc,heap       ] GC(4) Humongous regions: 129->129
[2021-09-02T21:21:21.603+0900][gc,metaspace  ] GC(4) Metaspace: 34328K->34328K(1081344K)
[2021-09-02T21:21:21.603+0900][gc            ] GC(4) Pause Young (Concurrent Start) (Metadata GC Threshold) 170M->142M(1024M) 39.582ms
[2021-09-02T21:21:21.603+0900][gc,cpu        ] GC(4) User=0.08s Sys=0.00s Real=0.04s
[2021-09-02T21:21:21.604+0900][gc            ] GC(5) Concurrent Cycle
[2021-09-02T21:21:21.604+0900][gc,marking    ] GC(5) Concurrent Clear Claimed Marks
[2021-09-02T21:21:21.604+0900][gc,marking    ] GC(5) Concurrent Clear Claimed Marks 0.154ms
[2021-09-02T21:21:21.604+0900][gc,marking    ] GC(5) Concurrent Scan Root Regions
[2021-09-02T21:21:21.607+0900][gc,marking    ] GC(5) Concurrent Scan Root Regions 2.460ms
[2021-09-02T21:21:21.607+0900][gc,marking    ] GC(5) Concurrent Mark (6.437s)
[2021-09-02T21:21:21.607+0900][gc,marking    ] GC(5) Concurrent Mark From Roots
[2021-09-02T21:21:21.607+0900][gc,task       ] GC(5) Using 3 workers of 3 for marking
[2021-09-02T21:21:21.627+0900][gc,marking    ] GC(5) Concurrent Mark From Roots 20.599ms
[2021-09-02T21:21:21.627+0900][gc,marking    ] GC(5) Concurrent Preclean
[2021-09-02T21:21:21.628+0900][gc,marking    ] GC(5) Concurrent Preclean 0.180ms
[2021-09-02T21:21:21.628+0900][gc,marking    ] GC(5) Concurrent Mark (6.437s, 6.458s) 20.857ms
[2021-09-02T21:21:21.631+0900][gc,start      ] GC(5) Pause Remark
[2021-09-02T21:21:21.653+0900][gc,stringtable] GC(5) Cleaned string and symbol table, strings: 10389 processed, 10 removed, symbols: 78859 processed, 19 removed
[2021-09-02T21:21:21.653+0900][gc,mmu        ] GC(5) MMU target violated: 21.0ms (20.0ms/21.0ms)
[2021-09-02T21:21:21.653+0900][gc            ] GC(5) Pause Remark 143M->143M(1024M) 22.115ms
[2021-09-02T21:21:21.653+0900][gc,cpu        ] GC(5) User=0.04s Sys=0.00s Real=0.02s
[2021-09-02T21:21:21.653+0900][gc,marking    ] GC(5) Concurrent Rebuild Remembered Sets
[2021-09-02T21:21:21.663+0900][gc,marking    ] GC(5) Concurrent Rebuild Remembered Sets 9.974ms
[2021-09-02T21:21:21.664+0900][gc,start      ] GC(5) Pause Cleanup
[2021-09-02T21:21:21.664+0900][gc            ] GC(5) Pause Cleanup 144M->144M(1024M) 0.278ms
[2021-09-02T21:21:21.664+0900][gc,cpu        ] GC(5) User=0.00s Sys=0.00s Real=0.00s
[2021-09-02T21:21:21.664+0900][gc,marking    ] GC(5) Concurrent Cleanup for Next Mark
[2021-09-02T21:21:21.671+0900][gc,marking    ] GC(5) Concurrent Cleanup for Next Mark 6.916ms
[2021-09-02T21:21:21.671+0900][gc            ] GC(5) Concurrent Cycle 67.206ms
[2021-09-02T21:25:15.772+0900][gc,start      ] GC(6) Pause Young (Normal) (G1 Evacuation Pause)
[2021-09-02T21:25:15.772+0900][gc,task       ] GC(6) Using 10 workers of 10 for evacuation
[2021-09-02T21:25:15.777+0900][gc,phases     ] GC(6)   Pre Evacuate Collection Set: 0.0ms
[2021-09-02T21:25:15.777+0900][gc,phases     ] GC(6)   Evacuate Collection Set: 4.2ms
[2021-09-02T21:25:15.777+0900][gc,phases     ] GC(6)   Post Evacuate Collection Set: 0.5ms
[2021-09-02T21:25:15.777+0900][gc,phases     ] GC(6)   Other: 0.2ms
[2021-09-02T21:25:15.777+0900][gc,heap       ] GC(6) Eden regions: 49->0(46)
[2021-09-02T21:25:15.777+0900][gc,heap       ] GC(6) Survivor regions: 2->5(7)
[2021-09-02T21:25:15.777+0900][gc,heap       ] GC(6) Old regions: 14->14
[2021-09-02T21:25:15.777+0900][gc,heap       ] GC(6) Humongous regions: 129->129
[2021-09-02T21:25:15.777+0900][gc,metaspace  ] GC(6) Metaspace: 37817K->37817K(1083392K)
[2021-09-02T21:25:15.777+0900][gc            ] GC(6) Pause Young (Normal) (G1 Evacuation Pause) 191M->145M(1024M) 5.121ms
[2021-09-02T21:25:15.778+0900][gc,cpu        ] GC(6) User=0.03s Sys=0.00s Real=0.01s
[2021-09-02T21:31:17.488+0900][gc,start      ] GC(7) Pause Young (Normal) (G1 Evacuation Pause)
[2021-09-02T21:31:17.489+0900][gc,task       ] GC(7) Using 10 workers of 10 for evacuation
[2021-09-02T21:31:17.494+0900][gc,phases     ] GC(7)   Pre Evacuate Collection Set: 0.0ms
[2021-09-02T21:31:17.494+0900][gc,phases     ] GC(7)   Evacuate Collection Set: 5.0ms
[2021-09-02T21:31:17.494+0900][gc,phases     ] GC(7)   Post Evacuate Collection Set: 0.4ms
[2021-09-02T21:31:17.494+0900][gc,phases     ] GC(7)   Other: 0.2ms
[2021-09-02T21:31:17.494+0900][gc,heap       ] GC(7) Eden regions: 46->0(47)
[2021-09-02T21:31:17.494+0900][gc,heap       ] GC(7) Survivor regions: 5->4(7)
[2021-09-02T21:31:17.494+0900][gc,heap       ] GC(7) Old regions: 14->15
[2021-09-02T21:31:17.494+0900][gc,heap       ] GC(7) Humongous regions: 129->129
[2021-09-02T21:31:17.494+0900][gc,metaspace  ] GC(7) Metaspace: 37913K->37913K(1083392K)
[2021-09-02T21:31:17.494+0900][gc            ] GC(7) Pause Young (Normal) (G1 Evacuation Pause) 191M->146M(1024M) 5.731ms
[2021-09-02T21:31:17.494+0900][gc,cpu        ] GC(7) User=0.03s Sys=0.00s Real=0.00s
[2021-09-02T21:37:45.772+0900][gc,start      ] GC(8) Pause Young (Normal) (G1 Evacuation Pause)
[2021-09-02T21:37:45.772+0900][gc,task       ] GC(8) Using 10 workers of 10 for evacuation
[2021-09-02T21:37:45.779+0900][gc,phases     ] GC(8)   Pre Evacuate Collection Set: 0.1ms
[2021-09-02T21:37:45.779+0900][gc,phases     ] GC(8)   Evacuate Collection Set: 5.4ms
[2021-09-02T21:37:45.779+0900][gc,phases     ] GC(8)   Post Evacuate Collection Set: 0.7ms
[2021-09-02T21:37:45.779+0900][gc,phases     ] GC(8)   Other: 0.4ms
[2021-09-02T21:37:45.779+0900][gc,heap       ] GC(8) Eden regions: 47->0(47)
[2021-09-02T21:37:45.779+0900][gc,heap       ] GC(8) Survivor regions: 4->4(7)
[2021-09-02T21:37:45.779+0900][gc,heap       ] GC(8) Old regions: 15->15
[2021-09-02T21:37:45.779+0900][gc,heap       ] GC(8) Humongous regions: 129->129
[2021-09-02T21:37:45.779+0900][gc,metaspace  ] GC(8) Metaspace: 38080K->38080K(1083392K)
[2021-09-02T21:37:45.779+0900][gc            ] GC(8) Pause Young (Normal) (G1 Evacuation Pause) 193M->146M(1024M) 6.774ms
[2021-09-02T21:37:45.779+0900][gc,cpu        ] GC(8) User=0.03s Sys=0.00s Real=0.01s
[2021-09-02T21:44:30.375+0900][gc,start      ] GC(9) Pause Young (Normal) (G1 Evacuation Pause)
[2021-09-02T21:44:30.375+0900][gc,task       ] GC(9) Using 10 workers of 10 for evacuation
[2021-09-02T21:44:30.380+0900][gc,phases     ] GC(9)   Pre Evacuate Collection Set: 0.1ms
[2021-09-02T21:44:30.380+0900][gc,phases     ] GC(9)   Evacuate Collection Set: 3.7ms
[2021-09-02T21:44:30.380+0900][gc,phases     ] GC(9)   Post Evacuate Collection Set: 0.9ms
[2021-09-02T21:44:30.380+0900][gc,phases     ] GC(9)   Other: 0.4ms
[2021-09-02T21:44:30.380+0900][gc,heap       ] GC(9) Eden regions: 47->0(57)
[2021-09-02T21:44:30.380+0900][gc,heap       ] GC(9) Survivor regions: 4->4(7)
[2021-09-02T21:44:30.380+0900][gc,heap       ] GC(9) Old regions: 15->15
[2021-09-02T21:44:30.380+0900][gc,heap       ] GC(9) Humongous regions: 129->129
[2021-09-02T21:44:30.380+0900][gc,metaspace  ] GC(9) Metaspace: 38104K->38104K(1083392K)
[2021-09-02T21:44:30.380+0900][gc            ] GC(9) Pause Young (Normal) (G1 Evacuation Pause) 193M->145M(1024M) 5.091ms
[2021-09-02T21:44:30.380+0900][gc,cpu        ] GC(9) User=0.04s Sys=0.00s Real=0.01s
[2021-09-02T21:52:45.773+0900][gc,start      ] GC(10) Pause Young (Normal) (G1 Evacuation Pause)
[2021-09-02T21:52:45.773+0900][gc,task       ] GC(10) Using 10 workers of 10 for evacuation
[2021-09-02T21:52:45.778+0900][gc,phases     ] GC(10)   Pre Evacuate Collection Set: 0.0ms
[2021-09-02T21:52:45.778+0900][gc,phases     ] GC(10)   Evacuate Collection Set: 4.6ms
[2021-09-02T21:52:45.778+0900][gc,phases     ] GC(10)   Post Evacuate Collection Set: 0.8ms
[2021-09-02T21:52:45.779+0900][gc,phases     ] GC(10)   Other: 0.5ms
[2021-09-02T21:52:45.779+0900][gc,heap       ] GC(10) Eden regions: 57->0(252)
[2021-09-02T21:52:45.779+0900][gc,heap       ] GC(10) Survivor regions: 4->4(8)
[2021-09-02T21:52:45.779+0900][gc,heap       ] GC(10) Old regions: 15->15
[2021-09-02T21:52:45.779+0900][gc,heap       ] GC(10) Humongous regions: 129->129
[2021-09-02T21:52:45.779+0900][gc,metaspace  ] GC(10) Metaspace: 38155K->38155K(1083392K)
[2021-09-02T21:52:45.779+0900][gc            ] GC(10) Pause Young (Normal) (G1 Evacuation Pause) 202M->145M(1024M) 6.002ms
[2021-09-02T21:52:45.779+0900][gc,cpu        ] GC(10) User=0.02s Sys=0.00s Real=0.01s
[2021-09-02T22:29:35.013+0900][gc,start      ] GC(11) Pause Young (Normal) (G1 Evacuation Pause)
[2021-09-02T22:29:35.013+0900][gc,task       ] GC(11) Using 10 workers of 10 for evacuation
[2021-09-02T22:29:35.027+0900][gc,phases     ] GC(11)   Pre Evacuate Collection Set: 0.0ms
[2021-09-02T22:29:35.027+0900][gc,phases     ] GC(11)   Evacuate Collection Set: 4.5ms
[2021-09-02T22:29:35.027+0900][gc,phases     ] GC(11)   Post Evacuate Collection Set: 9.0ms
[2021-09-02T22:29:35.027+0900][gc,phases     ] GC(11)   Other: 0.3ms
[2021-09-02T22:29:35.027+0900][gc,heap       ] GC(11) Eden regions: 252->0(443)
[2021-09-02T22:29:35.027+0900][gc,heap       ] GC(11) Survivor regions: 4->4(32)
[2021-09-02T22:29:35.027+0900][gc,heap       ] GC(11) Old regions: 15->15
[2021-09-02T22:29:35.027+0900][gc,heap       ] GC(11) Humongous regions: 129->129
[2021-09-02T22:29:35.027+0900][gc,metaspace  ] GC(11) Metaspace: 38307K->38307K(1083392K)
[2021-09-02T22:29:35.027+0900][gc            ] GC(11) Pause Young (Normal) (G1 Evacuation Pause) 397M->146M(1024M) 14.028ms
[2021-09-02T22:29:35.027+0900][gc,cpu        ] GC(11) User=0.06s Sys=0.01s Real=0.01s
