[2021-09-17T16:20:41.902+0900][gc,heap] Heap region size: 1M
[2021-09-17T16:20:41.909+0900][gc     ] Using G1
[2021-09-17T16:20:41.909+0900][gc,heap,coops] Heap address: 0x00000000c0000000, size: 1024 MB, Compressed Oops mode: 32-bit
[2021-09-17T16:20:41.909+0900][gc,cds       ] Mark closed archive regions in map: [0x00000000fff00000, 0x00000000fff6aff8]
[2021-09-17T16:20:41.909+0900][gc,cds       ] Mark open archive regions in map: [0x00000000ffe00000, 0x00000000ffe46ff8]
[2021-09-17T16:20:42.890+0900][gc,start     ] GC(0) Pause Young (Normal) (G1 Evacuation Pause)
[2021-09-17T16:20:42.890+0900][gc,task      ] GC(0) Using 10 workers of 10 for evacuation
[2021-09-17T16:20:42.899+0900][gc,phases    ] GC(0)   Pre Evacuate Collection Set: 0.0ms
[2021-09-17T16:20:42.899+0900][gc,phases    ] GC(0)   Evacuate Collection Set: 7.6ms
[2021-09-17T16:20:42.899+0900][gc,phases    ] GC(0)   Post Evacuate Collection Set: 0.5ms
[2021-09-17T16:20:42.899+0900][gc,phases    ] GC(0)   Other: 0.8ms
[2021-09-17T16:20:42.899+0900][gc,heap      ] GC(0) Eden regions: 51->0(44)
[2021-09-17T16:20:42.899+0900][gc,heap      ] GC(0) Survivor regions: 0->7(7)
[2021-09-17T16:20:42.899+0900][gc,heap      ] GC(0) Old regions: 2->2
[2021-09-17T16:20:42.899+0900][gc,heap      ] GC(0) Humongous regions: 0->0
[2021-09-17T16:20:42.899+0900][gc,metaspace ] GC(0) Metaspace: 15563K->15563K(1062912K)
[2021-09-17T16:20:42.899+0900][gc           ] GC(0) Pause Young (Normal) (G1 Evacuation Pause) 51M->6M(1024M) 9.124ms
[2021-09-17T16:20:42.899+0900][gc,cpu       ] GC(0) User=0.07s Sys=0.01s Real=0.01s
[2021-09-17T16:20:43.207+0900][gc,start     ] GC(1) Pause Young (Concurrent Start) (Metadata GC Threshold)
[2021-09-17T16:20:43.207+0900][gc,task      ] GC(1) Using 10 workers of 10 for evacuation
[2021-09-17T16:20:43.218+0900][gc,phases    ] GC(1)   Pre Evacuate Collection Set: 0.1ms
[2021-09-17T16:20:43.218+0900][gc,phases    ] GC(1)   Evacuate Collection Set: 9.8ms
[2021-09-17T16:20:43.218+0900][gc,phases    ] GC(1)   Post Evacuate Collection Set: 0.5ms
[2021-09-17T16:20:43.218+0900][gc,phases    ] GC(1)   Other: 0.3ms
[2021-09-17T16:20:43.218+0900][gc,heap      ] GC(1) Eden regions: 21->0(49)
[2021-09-17T16:20:43.218+0900][gc,heap      ] GC(1) Survivor regions: 7->2(7)
[2021-09-17T16:20:43.218+0900][gc,heap      ] GC(1) Old regions: 2->9
[2021-09-17T16:20:43.218+0900][gc,heap      ] GC(1) Humongous regions: 129->129
[2021-09-17T16:20:43.218+0900][gc,metaspace ] GC(1) Metaspace: 20510K->20510K(1067008K)
[2021-09-17T16:20:43.218+0900][gc           ] GC(1) Pause Young (Concurrent Start) (Metadata GC Threshold) 156M->137M(1024M) 10.715ms
[2021-09-17T16:20:43.218+0900][gc,cpu       ] GC(1) User=0.04s Sys=0.00s Real=0.01s
[2021-09-17T16:20:43.218+0900][gc           ] GC(2) Concurrent Cycle
[2021-09-17T16:20:43.218+0900][gc,marking   ] GC(2) Concurrent Clear Claimed Marks
[2021-09-17T16:20:43.218+0900][gc,marking   ] GC(2) Concurrent Clear Claimed Marks 0.016ms
[2021-09-17T16:20:43.218+0900][gc,marking   ] GC(2) Concurrent Scan Root Regions
[2021-09-17T16:20:43.219+0900][gc,marking   ] GC(2) Concurrent Scan Root Regions 1.169ms
[2021-09-17T16:20:43.219+0900][gc,marking   ] GC(2) Concurrent Mark (1.319s)
[2021-09-17T16:20:43.219+0900][gc,marking   ] GC(2) Concurrent Mark From Roots
[2021-09-17T16:20:43.220+0900][gc,task      ] GC(2) Using 3 workers of 3 for marking
[2021-09-17T16:20:43.225+0900][gc,marking   ] GC(2) Concurrent Mark From Roots 6.160ms
[2021-09-17T16:20:43.225+0900][gc,marking   ] GC(2) Concurrent Preclean
[2021-09-17T16:20:43.225+0900][gc,marking   ] GC(2) Concurrent Preclean 0.084ms
[2021-09-17T16:20:43.225+0900][gc,marking   ] GC(2) Concurrent Mark (1.319s, 1.326s) 6.281ms
[2021-09-17T16:20:43.225+0900][gc,start     ] GC(2) Pause Remark
[2021-09-17T16:20:43.229+0900][gc,stringtable] GC(2) Cleaned string and symbol table, strings: 4991 processed, 0 removed, symbols: 50644 processed, 44 removed
[2021-09-17T16:20:43.229+0900][gc            ] GC(2) Pause Remark 138M->138M(1024M) 3.564ms
[2021-09-17T16:20:43.229+0900][gc,cpu        ] GC(2) User=0.03s Sys=0.00s Real=0.01s
[2021-09-17T16:20:43.229+0900][gc,marking    ] GC(2) Concurrent Rebuild Remembered Sets
[2021-09-17T16:20:43.231+0900][gc,marking    ] GC(2) Concurrent Rebuild Remembered Sets 2.007ms
[2021-09-17T16:20:43.231+0900][gc,start      ] GC(2) Pause Cleanup
[2021-09-17T16:20:43.231+0900][gc            ] GC(2) Pause Cleanup 138M->138M(1024M) 0.178ms
[2021-09-17T16:20:43.231+0900][gc,cpu        ] GC(2) User=0.01s Sys=0.00s Real=0.00s
[2021-09-17T16:20:43.231+0900][gc,marking    ] GC(2) Concurrent Cleanup for Next Mark
[2021-09-17T16:20:43.234+0900][gc,marking    ] GC(2) Concurrent Cleanup for Next Mark 2.287ms
[2021-09-17T16:20:43.234+0900][gc            ] GC(2) Concurrent Cycle 15.925ms
[2021-09-17T16:20:43.735+0900][gc,start      ] GC(3) Pause Young (Normal) (G1 Evacuation Pause)
[2021-09-17T16:20:43.735+0900][gc,task       ] GC(3) Using 10 workers of 10 for evacuation
[2021-09-17T16:20:43.751+0900][gc,phases     ] GC(3)   Pre Evacuate Collection Set: 0.0ms
[2021-09-17T16:20:43.751+0900][gc,phases     ] GC(3)   Evacuate Collection Set: 15.7ms
[2021-09-17T16:20:43.751+0900][gc,phases     ] GC(3)   Post Evacuate Collection Set: 0.6ms
[2021-09-17T16:20:43.751+0900][gc,phases     ] GC(3)   Other: 0.2ms
[2021-09-17T16:20:43.751+0900][gc,heap       ] GC(3) Eden regions: 49->0(45)
[2021-09-17T16:20:43.751+0900][gc,heap       ] GC(3) Survivor regions: 2->6(7)
[2021-09-17T16:20:43.751+0900][gc,heap       ] GC(3) Old regions: 9->9
[2021-09-17T16:20:43.751+0900][gc,heap       ] GC(3) Humongous regions: 129->129
[2021-09-17T16:20:43.751+0900][gc,metaspace  ] GC(3) Metaspace: 29906K->29906K(1077248K)
[2021-09-17T16:20:43.751+0900][gc            ] GC(3) Pause Young (Normal) (G1 Evacuation Pause) 186M->140M(1024M) 16.721ms
[2021-09-17T16:20:43.751+0900][gc,cpu        ] GC(3) User=0.10s Sys=0.00s Real=0.01s
[2021-09-17T16:20:44.369+0900][gc,start      ] GC(4) Pause Young (Concurrent Start) (Metadata GC Threshold)
[2021-09-17T16:20:44.369+0900][gc,task       ] GC(4) Using 10 workers of 10 for evacuation
[2021-09-17T16:20:44.379+0900][gc,phases     ] GC(4)   Pre Evacuate Collection Set: 0.2ms
[2021-09-17T16:20:44.379+0900][gc,phases     ] GC(4)   Evacuate Collection Set: 9.4ms
[2021-09-17T16:20:44.379+0900][gc,phases     ] GC(4)   Post Evacuate Collection Set: 0.8ms
[2021-09-17T16:20:44.379+0900][gc,phases     ] GC(4)   Other: 0.4ms
[2021-09-17T16:20:44.379+0900][gc,heap       ] GC(4) Eden regions: 20->0(49)
[2021-09-17T16:20:44.379+0900][gc,heap       ] GC(4) Survivor regions: 6->2(7)
[2021-09-17T16:20:44.379+0900][gc,heap       ] GC(4) Old regions: 9->13
[2021-09-17T16:20:44.380+0900][gc,heap       ] GC(4) Humongous regions: 129->129
[2021-09-17T16:20:44.380+0900][gc,metaspace  ] GC(4) Metaspace: 34233K->34233K(1081344K)
[2021-09-17T16:20:44.380+0900][gc            ] GC(4) Pause Young (Concurrent Start) (Metadata GC Threshold) 160M->141M(1024M) 10.927ms
[2021-09-17T16:20:44.380+0900][gc,cpu        ] GC(4) User=0.03s Sys=0.01s Real=0.01s
[2021-09-17T16:20:44.380+0900][gc            ] GC(5) Concurrent Cycle
[2021-09-17T16:20:44.380+0900][gc,marking    ] GC(5) Concurrent Clear Claimed Marks
[2021-09-17T16:20:44.380+0900][gc,marking    ] GC(5) Concurrent Clear Claimed Marks 0.179ms
[2021-09-17T16:20:44.380+0900][gc,marking    ] GC(5) Concurrent Scan Root Regions
[2021-09-17T16:20:44.382+0900][gc,marking    ] GC(5) Concurrent Scan Root Regions 1.806ms
[2021-09-17T16:20:44.382+0900][gc,marking    ] GC(5) Concurrent Mark (2.482s)
[2021-09-17T16:20:44.382+0900][gc,marking    ] GC(5) Concurrent Mark From Roots
[2021-09-17T16:20:44.382+0900][gc,task       ] GC(5) Using 3 workers of 3 for marking
[2021-09-17T16:20:44.397+0900][gc,marking    ] GC(5) Concurrent Mark From Roots 15.477ms
[2021-09-17T16:20:44.399+0900][gc,marking    ] GC(5) Concurrent Preclean
[2021-09-17T16:20:44.399+0900][gc,marking    ] GC(5) Concurrent Preclean 0.301ms
[2021-09-17T16:20:44.399+0900][gc,marking    ] GC(5) Concurrent Mark (2.482s, 2.499s) 17.095ms
[2021-09-17T16:20:44.405+0900][gc,start      ] GC(5) Pause Remark
[2021-09-17T16:20:44.447+0900][gc,stringtable] GC(5) Cleaned string and symbol table, strings: 9863 processed, 11 removed, symbols: 79131 processed, 17 removed
[2021-09-17T16:20:44.448+0900][gc,mmu        ] GC(5) MMU target violated: 21.0ms (20.0ms/21.0ms)
[2021-09-17T16:20:44.448+0900][gc            ] GC(5) Pause Remark 142M->142M(1024M) 42.760ms
[2021-09-17T16:20:44.448+0900][gc,cpu        ] GC(5) User=0.08s Sys=0.00s Real=0.05s
[2021-09-17T16:20:44.450+0900][gc,marking    ] GC(5) Concurrent Rebuild Remembered Sets
[2021-09-17T16:20:44.470+0900][gc,marking    ] GC(5) Concurrent Rebuild Remembered Sets 20.012ms
[2021-09-17T16:20:44.477+0900][gc,start      ] GC(5) Pause Cleanup
[2021-09-17T16:20:44.477+0900][gc            ] GC(5) Pause Cleanup 142M->142M(1024M) 0.506ms
[2021-09-17T16:20:44.477+0900][gc,cpu        ] GC(5) User=0.00s Sys=0.00s Real=0.00s
[2021-09-17T16:20:44.478+0900][gc,marking    ] GC(5) Concurrent Cleanup for Next Mark
[2021-09-17T16:20:44.490+0900][gc,marking    ] GC(5) Concurrent Cleanup for Next Mark 12.807ms
[2021-09-17T16:20:44.490+0900][gc            ] GC(5) Concurrent Cycle 110.837ms
[2021-09-17T16:22:12.911+0900][gc,start      ] GC(6) Pause Young (Normal) (G1 Evacuation Pause)
[2021-09-17T16:22:12.911+0900][gc,task       ] GC(6) Using 10 workers of 10 for evacuation
[2021-09-17T16:22:12.917+0900][gc,phases     ] GC(6)   Pre Evacuate Collection Set: 0.0ms
[2021-09-17T16:22:12.917+0900][gc,phases     ] GC(6)   Evacuate Collection Set: 4.6ms
[2021-09-17T16:22:12.917+0900][gc,phases     ] GC(6)   Post Evacuate Collection Set: 0.6ms
[2021-09-17T16:22:12.917+0900][gc,phases     ] GC(6)   Other: 0.2ms
[2021-09-17T16:22:12.917+0900][gc,heap       ] GC(6) Eden regions: 49->0(46)
[2021-09-17T16:22:12.917+0900][gc,heap       ] GC(6) Survivor regions: 2->5(7)
[2021-09-17T16:22:12.917+0900][gc,heap       ] GC(6) Old regions: 13->13
[2021-09-17T16:22:12.917+0900][gc,heap       ] GC(6) Humongous regions: 129->129
[2021-09-17T16:22:12.917+0900][gc,metaspace  ] GC(6) Metaspace: 38587K->38587K(1083392K)
[2021-09-17T16:22:12.917+0900][gc            ] GC(6) Pause Young (Normal) (G1 Evacuation Pause) 190M->144M(1024M) 5.479ms
[2021-09-17T16:22:12.917+0900][gc,cpu        ] GC(6) User=0.04s Sys=0.00s Real=0.01s
[2021-09-17T16:26:53.402+0900][gc,start      ] GC(7) Pause Young (Normal) (G1 Evacuation Pause)
[2021-09-17T16:26:53.402+0900][gc,task       ] GC(7) Using 10 workers of 10 for evacuation
[2021-09-17T16:26:53.407+0900][gc,phases     ] GC(7)   Pre Evacuate Collection Set: 0.0ms
[2021-09-17T16:26:53.408+0900][gc,phases     ] GC(7)   Evacuate Collection Set: 5.1ms
[2021-09-17T16:26:53.408+0900][gc,phases     ] GC(7)   Post Evacuate Collection Set: 0.5ms
[2021-09-17T16:26:53.408+0900][gc,phases     ] GC(7)   Other: 0.2ms
[2021-09-17T16:26:53.408+0900][gc,heap       ] GC(7) Eden regions: 46->0(46)
[2021-09-17T16:26:53.408+0900][gc,heap       ] GC(7) Survivor regions: 5->5(7)
[2021-09-17T16:26:53.408+0900][gc,heap       ] GC(7) Old regions: 13->14
[2021-09-17T16:26:53.408+0900][gc,heap       ] GC(7) Humongous regions: 129->129
[2021-09-17T16:26:53.408+0900][gc,metaspace  ] GC(7) Metaspace: 38808K->38808K(1085440K)
[2021-09-17T16:26:53.408+0900][gc            ] GC(7) Pause Young (Normal) (G1 Evacuation Pause) 190M->145M(1024M) 5.907ms
[2021-09-17T16:26:53.408+0900][gc,cpu        ] GC(7) User=0.03s Sys=0.00s Real=0.01s
[2021-09-17T16:31:50.604+0900][gc,start      ] GC(8) Pause Young (Normal) (G1 Evacuation Pause)
[2021-09-17T16:31:50.604+0900][gc,task       ] GC(8) Using 10 workers of 10 for evacuation
[2021-09-17T16:31:50.608+0900][gc,phases     ] GC(8)   Pre Evacuate Collection Set: 0.0ms
[2021-09-17T16:31:50.608+0900][gc,phases     ] GC(8)   Evacuate Collection Set: 3.7ms
[2021-09-17T16:31:50.608+0900][gc,phases     ] GC(8)   Post Evacuate Collection Set: 0.4ms
[2021-09-17T16:31:50.608+0900][gc,phases     ] GC(8)   Other: 0.2ms
[2021-09-17T16:31:50.608+0900][gc,heap       ] GC(8) Eden regions: 46->0(57)
[2021-09-17T16:31:50.608+0900][gc,heap       ] GC(8) Survivor regions: 5->3(7)
[2021-09-17T16:31:50.608+0900][gc,heap       ] GC(8) Old regions: 14->16
[2021-09-17T16:31:50.608+0900][gc,heap       ] GC(8) Humongous regions: 129->129
[2021-09-17T16:31:50.608+0900][gc,metaspace  ] GC(8) Metaspace: 38997K->38997K(1085440K)
[2021-09-17T16:31:50.608+0900][gc            ] GC(8) Pause Young (Normal) (G1 Evacuation Pause) 191M->145M(1024M) 4.360ms
[2021-09-17T16:31:50.608+0900][gc,cpu        ] GC(8) User=0.02s Sys=0.00s Real=0.01s
[2021-09-17T16:38:26.642+0900][gc,start      ] GC(9) Pause Young (Normal) (G1 Evacuation Pause)
[2021-09-17T16:38:26.642+0900][gc,task       ] GC(9) Using 10 workers of 10 for evacuation
[2021-09-17T16:38:26.645+0900][gc,phases     ] GC(9)   Pre Evacuate Collection Set: 0.0ms
[2021-09-17T16:38:26.645+0900][gc,phases     ] GC(9)   Evacuate Collection Set: 3.0ms
[2021-09-17T16:38:26.645+0900][gc,phases     ] GC(9)   Post Evacuate Collection Set: 0.3ms
[2021-09-17T16:38:26.645+0900][gc,phases     ] GC(9)   Other: 0.2ms
[2021-09-17T16:38:26.645+0900][gc,heap       ] GC(9) Eden regions: 57->0(66)
[2021-09-17T16:38:26.645+0900][gc,heap       ] GC(9) Survivor regions: 3->4(8)
[2021-09-17T16:38:26.645+0900][gc,heap       ] GC(9) Old regions: 16->16
[2021-09-17T16:38:26.645+0900][gc,heap       ] GC(9) Humongous regions: 129->129
[2021-09-17T16:38:26.645+0900][gc,metaspace  ] GC(9) Metaspace: 39037K->39037K(1085440K)
[2021-09-17T16:38:26.645+0900][gc            ] GC(9) Pause Young (Normal) (G1 Evacuation Pause) 202M->146M(1024M) 3.731ms
[2021-09-17T16:38:26.645+0900][gc,cpu        ] GC(9) User=0.03s Sys=0.00s Real=0.00s
[2021-09-17T16:46:09.748+0900][gc,start      ] GC(10) Pause Young (Normal) (G1 Evacuation Pause)
[2021-09-17T16:46:09.748+0900][gc,task       ] GC(10) Using 10 workers of 10 for evacuation
[2021-09-17T16:46:09.754+0900][gc,phases     ] GC(10)   Pre Evacuate Collection Set: 0.0ms
[2021-09-17T16:46:09.754+0900][gc,phases     ] GC(10)   Evacuate Collection Set: 4.6ms
[2021-09-17T16:46:09.754+0900][gc,phases     ] GC(10)   Post Evacuate Collection Set: 0.4ms
[2021-09-17T16:46:09.754+0900][gc,phases     ] GC(10)   Other: 0.2ms
[2021-09-17T16:46:09.754+0900][gc,heap       ] GC(10) Eden regions: 66->0(76)
[2021-09-17T16:46:09.754+0900][gc,heap       ] GC(10) Survivor regions: 4->5(9)
[2021-09-17T16:46:09.754+0900][gc,heap       ] GC(10) Old regions: 16->16
[2021-09-17T16:46:09.754+0900][gc,heap       ] GC(10) Humongous regions: 129->129
[2021-09-17T16:46:09.754+0900][gc,metaspace  ] GC(10) Metaspace: 39099K->39099K(1085440K)
[2021-09-17T16:46:09.754+0900][gc            ] GC(10) Pause Young (Normal) (G1 Evacuation Pause) 212M->147M(1024M) 5.314ms
[2021-09-17T16:46:09.754+0900][gc,cpu        ] GC(10) User=0.02s Sys=0.01s Real=0.00s
[2021-09-17T16:55:04.167+0900][gc,start      ] GC(11) Pause Young (Normal) (G1 Evacuation Pause)
[2021-09-17T16:55:04.167+0900][gc,task       ] GC(11) Using 10 workers of 10 for evacuation
[2021-09-17T16:55:04.174+0900][gc,phases     ] GC(11)   Pre Evacuate Collection Set: 0.0ms
[2021-09-17T16:55:04.174+0900][gc,phases     ] GC(11)   Evacuate Collection Set: 6.5ms
[2021-09-17T16:55:04.174+0900][gc,phases     ] GC(11)   Post Evacuate Collection Set: 0.5ms
[2021-09-17T16:55:04.174+0900][gc,phases     ] GC(11)   Other: 0.2ms
[2021-09-17T16:55:04.174+0900][gc,heap       ] GC(11) Eden regions: 76->0(105)
[2021-09-17T16:55:04.174+0900][gc,heap       ] GC(11) Survivor regions: 5->6(11)
[2021-09-17T16:55:04.174+0900][gc,heap       ] GC(11) Old regions: 16->16
[2021-09-17T16:55:04.174+0900][gc,heap       ] GC(11) Humongous regions: 129->129
[2021-09-17T16:55:04.174+0900][gc,metaspace  ] GC(11) Metaspace: 39223K->39223K(1085440K)
[2021-09-17T16:55:04.174+0900][gc            ] GC(11) Pause Young (Normal) (G1 Evacuation Pause) 223M->149M(1024M) 7.368ms
[2021-09-17T16:55:04.174+0900][gc,cpu        ] GC(11) User=0.05s Sys=0.00s Real=0.00s
[2021-09-17T17:07:23.078+0900][gc,start      ] GC(12) Pause Young (Normal) (G1 Evacuation Pause)
[2021-09-17T17:07:23.078+0900][gc,task       ] GC(12) Using 10 workers of 10 for evacuation
[2021-09-17T17:07:23.088+0900][gc,phases     ] GC(12)   Pre Evacuate Collection Set: 0.0ms
[2021-09-17T17:07:23.088+0900][gc,phases     ] GC(12)   Evacuate Collection Set: 8.6ms
[2021-09-17T17:07:23.088+0900][gc,phases     ] GC(12)   Post Evacuate Collection Set: 1.3ms
[2021-09-17T17:07:23.088+0900][gc,phases     ] GC(12)   Other: 0.2ms
[2021-09-17T17:07:23.088+0900][gc,heap       ] GC(12) Eden regions: 105->0(109)
[2021-09-17T17:07:23.088+0900][gc,heap       ] GC(12) Survivor regions: 6->8(14)
[2021-09-17T17:07:23.088+0900][gc,heap       ] GC(12) Old regions: 16->16
[2021-09-17T17:07:23.088+0900][gc,heap       ] GC(12) Humongous regions: 129->129
[2021-09-17T17:07:23.088+0900][gc,metaspace  ] GC(12) Metaspace: 39328K->39328K(1085440K)
[2021-09-17T17:07:23.088+0900][gc            ] GC(12) Pause Young (Normal) (G1 Evacuation Pause) 254M->151M(1024M) 10.250ms
[2021-09-17T17:07:23.088+0900][gc,cpu        ] GC(12) User=0.06s Sys=0.01s Real=0.01s
[2021-09-17T17:19:50.936+0900][gc,start      ] GC(13) Pause Young (Normal) (G1 Evacuation Pause)
[2021-09-17T17:19:50.936+0900][gc,task       ] GC(13) Using 10 workers of 10 for evacuation
[2021-09-17T17:19:50.950+0900][gc,phases     ] GC(13)   Pre Evacuate Collection Set: 0.0ms
[2021-09-17T17:19:50.950+0900][gc,phases     ] GC(13)   Evacuate Collection Set: 13.4ms
[2021-09-17T17:19:50.950+0900][gc,phases     ] GC(13)   Post Evacuate Collection Set: 0.3ms
[2021-09-17T17:19:50.950+0900][gc,phases     ] GC(13)   Other: 0.2ms
[2021-09-17T17:19:50.950+0900][gc,heap       ] GC(13) Eden regions: 109->0(114)
[2021-09-17T17:19:50.950+0900][gc,heap       ] GC(13) Survivor regions: 8->10(15)
[2021-09-17T17:19:50.950+0900][gc,heap       ] GC(13) Old regions: 16->16
[2021-09-17T17:19:50.950+0900][gc,heap       ] GC(13) Humongous regions: 129->129
[2021-09-17T17:19:50.950+0900][gc,metaspace  ] GC(13) Metaspace: 39366K->39366K(1085440K)
[2021-09-17T17:19:50.950+0900][gc            ] GC(13) Pause Young (Normal) (G1 Evacuation Pause) 260M->153M(1024M) 14.056ms
[2021-09-17T17:19:50.950+0900][gc,cpu        ] GC(13) User=0.10s Sys=0.00s Real=0.01s
[2021-09-17T17:32:40.708+0900][gc,start      ] GC(14) Pause Young (Normal) (G1 Evacuation Pause)
[2021-09-17T17:32:40.708+0900][gc,task       ] GC(14) Using 10 workers of 10 for evacuation
[2021-09-17T17:32:40.721+0900][gc,phases     ] GC(14)   Pre Evacuate Collection Set: 0.0ms
[2021-09-17T17:32:40.721+0900][gc,phases     ] GC(14)   Evacuate Collection Set: 11.8ms
[2021-09-17T17:32:40.721+0900][gc,phases     ] GC(14)   Post Evacuate Collection Set: 0.3ms
[2021-09-17T17:32:40.721+0900][gc,phases     ] GC(14)   Other: 0.3ms
[2021-09-17T17:32:40.721+0900][gc,heap       ] GC(14) Eden regions: 114->0(117)
[2021-09-17T17:32:40.721+0900][gc,heap       ] GC(14) Survivor regions: 10->10(16)
[2021-09-17T17:32:40.721+0900][gc,heap       ] GC(14) Old regions: 16->18
[2021-09-17T17:32:40.721+0900][gc,heap       ] GC(14) Humongous regions: 129->129
[2021-09-17T17:32:40.721+0900][gc,metaspace  ] GC(14) Metaspace: 39459K->39459K(1085440K)
[2021-09-17T17:32:40.721+0900][gc            ] GC(14) Pause Young (Normal) (G1 Evacuation Pause) 267M->154M(1024M) 12.476ms
[2021-09-17T17:32:40.721+0900][gc,cpu        ] GC(14) User=0.06s Sys=0.01s Real=0.01s
[2021-09-17T17:45:59.436+0900][gc,start      ] GC(15) Pause Young (Normal) (G1 Evacuation Pause)
[2021-09-17T17:45:59.436+0900][gc,task       ] GC(15) Using 10 workers of 10 for evacuation
[2021-09-17T17:45:59.443+0900][gc,phases     ] GC(15)   Pre Evacuate Collection Set: 0.0ms
[2021-09-17T17:45:59.444+0900][gc,phases     ] GC(15)   Evacuate Collection Set: 6.5ms
[2021-09-17T17:45:59.444+0900][gc,phases     ] GC(15)   Post Evacuate Collection Set: 0.4ms
[2021-09-17T17:45:59.444+0900][gc,phases     ] GC(15)   Other: 0.2ms
[2021-09-17T17:45:59.444+0900][gc,heap       ] GC(15) Eden regions: 117->0(131)
[2021-09-17T17:45:59.444+0900][gc,heap       ] GC(15) Survivor regions: 10->9(16)
[2021-09-17T17:45:59.444+0900][gc,heap       ] GC(15) Old regions: 18->19
[2021-09-17T17:45:59.444+0900][gc,heap       ] GC(15) Humongous regions: 129->129
[2021-09-17T17:45:59.444+0900][gc,metaspace  ] GC(15) Metaspace: 39526K->39526K(1085440K)
[2021-09-17T17:45:59.444+0900][gc            ] GC(15) Pause Young (Normal) (G1 Evacuation Pause) 271M->155M(1024M) 7.191ms
[2021-09-17T17:45:59.444+0900][gc,cpu        ] GC(15) User=0.04s Sys=0.00s Real=0.00s
[2021-09-17T18:00:34.167+0900][gc,start      ] GC(16) Pause Young (Normal) (G1 Evacuation Pause)
[2021-09-17T18:00:34.167+0900][gc,task       ] GC(16) Using 10 workers of 10 for evacuation
[2021-09-17T18:00:34.177+0900][gc,phases     ] GC(16)   Pre Evacuate Collection Set: 0.0ms
[2021-09-17T18:00:34.177+0900][gc,phases     ] GC(16)   Evacuate Collection Set: 10.0ms
[2021-09-17T18:00:34.177+0900][gc,phases     ] GC(16)   Post Evacuate Collection Set: 0.3ms
[2021-09-17T18:00:34.177+0900][gc,phases     ] GC(16)   Other: 0.2ms
[2021-09-17T18:00:34.177+0900][gc,heap       ] GC(16) Eden regions: 131->0(164)
[2021-09-17T18:00:34.177+0900][gc,heap       ] GC(16) Survivor regions: 9->9(18)
[2021-09-17T18:00:34.177+0900][gc,heap       ] GC(16) Old regions: 19->19
[2021-09-17T18:00:34.177+0900][gc,heap       ] GC(16) Humongous regions: 129->129
[2021-09-17T18:00:34.177+0900][gc,metaspace  ] GC(16) Metaspace: 39594K->39594K(1085440K)
[2021-09-17T18:00:34.177+0900][gc            ] GC(16) Pause Young (Normal) (G1 Evacuation Pause) 286M->155M(1024M) 10.584ms
[2021-09-17T18:00:34.177+0900][gc,cpu        ] GC(16) User=0.07s Sys=0.01s Real=0.01s
