[2021-09-02T13:52:45.922+0900][gc,heap] Heap region size: 1M
[2021-09-02T13:52:45.926+0900][gc     ] Using G1
[2021-09-02T13:52:45.926+0900][gc,heap,coops] Heap address: 0x00000000e0000000, size: 512 MB, Compressed Oops mode: 32-bit
[2021-09-02T13:52:45.926+0900][gc,cds       ] Mark closed archive regions in map: [0x00000000fff00000, 0x00000000fff6aff8]
[2021-09-02T13:52:45.926+0900][gc,cds       ] Mark open archive regions in map: [0x00000000ffe00000, 0x00000000ffe46ff8]
[2021-09-02T13:53:01.414+0900][gc,start     ] GC(0) Pause Young (Normal) (G1 Evacuation Pause)
[2021-09-02T13:53:01.415+0900][gc,task      ] GC(0) Using 10 workers of 10 for evacuation
[2021-09-02T13:53:01.422+0900][gc,phases    ] GC(0)   Pre Evacuate Collection Set: 0.0ms
[2021-09-02T13:53:01.422+0900][gc,phases    ] GC(0)   Evacuate Collection Set: 6.4ms
[2021-09-02T13:53:01.422+0900][gc,phases    ] GC(0)   Post Evacuate Collection Set: 0.3ms
[2021-09-02T13:53:01.422+0900][gc,phases    ] GC(0)   Other: 0.7ms
[2021-09-02T13:53:01.422+0900][gc,heap      ] GC(0) Eden regions: 25->0(21)
[2021-09-02T13:53:01.422+0900][gc,heap      ] GC(0) Survivor regions: 0->4(4)
[2021-09-02T13:53:01.422+0900][gc,heap      ] GC(0) Old regions: 2->4
[2021-09-02T13:53:01.422+0900][gc,heap      ] GC(0) Humongous regions: 0->0
[2021-09-02T13:53:01.422+0900][gc,metaspace ] GC(0) Metaspace: 7711K->7711K(1056768K)
[2021-09-02T13:53:01.422+0900][gc           ] GC(0) Pause Young (Normal) (G1 Evacuation Pause) 25M->5M(512M) 7.515ms
[2021-09-02T13:53:01.422+0900][gc,cpu       ] GC(0) User=0.04s Sys=0.01s Real=0.01s
[2021-09-02T13:53:13.356+0900][gc,heap,exit ] Heap
[2021-09-02T13:53:13.356+0900][gc,heap,exit ]  garbage-first heap   total 524288K, used 9142K [0x00000000e0000000, 0x0000000100000000)
[2021-09-02T13:53:13.356+0900][gc,heap,exit ]   region size 1024K, 8 young (8192K), 4 survivors (4096K)
[2021-09-02T13:53:13.356+0900][gc,heap,exit ]  Metaspace       used 7788K, capacity 8142K, committed 8448K, reserved 1056768K
[2021-09-02T13:53:13.356+0900][gc,heap,exit ]   class space    used 888K, capacity 1015K, committed 1024K, reserved 1048576K
