[2021-09-02T21:21:06.816+0900][gc,heap] Heap region size: 1M
[2021-09-02T21:21:06.819+0900][gc     ] Using G1
[2021-09-02T21:21:06.820+0900][gc,heap,coops] Heap address: 0x00000000e0000000, size: 512 MB, Compressed Oops mode: 32-bit
[2021-09-02T21:21:06.820+0900][gc,cds       ] Mark closed archive regions in map: [0x00000000fff00000, 0x00000000fff6aff8]
[2021-09-02T21:21:06.820+0900][gc,cds       ] Mark open archive regions in map: [0x00000000ffe00000, 0x00000000ffe46ff8]
[2021-09-02T21:21:16.785+0900][gc,start     ] GC(0) Pause Young (Normal) (G1 Evacuation Pause)
[2021-09-02T21:21:16.788+0900][gc,task      ] GC(0) Using 10 workers of 10 for evacuation
[2021-09-02T21:21:16.812+0900][gc,mmu       ] GC(0) MMU target violated: 21.0ms (20.0ms/21.0ms)
[2021-09-02T21:21:16.812+0900][gc,phases    ] GC(0)   Pre Evacuate Collection Set: 0.0ms
[2021-09-02T21:21:16.812+0900][gc,phases    ] GC(0)   Evacuate Collection Set: 23.2ms
[2021-09-02T21:21:16.812+0900][gc,phases    ] GC(0)   Post Evacuate Collection Set: 0.8ms
[2021-09-02T21:21:16.813+0900][gc,phases    ] GC(0)   Other: 3.0ms
[2021-09-02T21:21:16.813+0900][gc,heap      ] GC(0) Eden regions: 25->0(21)
[2021-09-02T21:21:16.813+0900][gc,heap      ] GC(0) Survivor regions: 0->4(4)
[2021-09-02T21:21:16.813+0900][gc,heap      ] GC(0) Old regions: 2->4
[2021-09-02T21:21:16.813+0900][gc,heap      ] GC(0) Humongous regions: 0->0
[2021-09-02T21:21:16.813+0900][gc,metaspace ] GC(0) Metaspace: 7704K->7704K(1056768K)
[2021-09-02T21:21:16.813+0900][gc           ] GC(0) Pause Young (Normal) (G1 Evacuation Pause) 25M->5M(512M) 27.279ms
[2021-09-02T21:21:16.813+0900][gc,cpu       ] GC(0) User=0.09s Sys=0.00s Real=0.03s
[2021-09-02T22:48:54.089+0900][gc,heap,exit ] Heap
[2021-09-02T22:48:54.090+0900][gc,heap,exit ]  garbage-first heap   total 524288K, used 15170K [0x00000000e0000000, 0x0000000100000000)
[2021-09-02T22:48:54.090+0900][gc,heap,exit ]   region size 1024K, 14 young (14336K), 4 survivors (4096K)
[2021-09-02T22:48:54.090+0900][gc,heap,exit ]  Metaspace       used 8373K, capacity 8719K, committed 8960K, reserved 1056768K
[2021-09-02T22:48:54.090+0900][gc,heap,exit ]   class space    used 905K, capacity 1015K, committed 1024K, reserved 1048576K
