[2021-09-17T16:20:16.476+0900][gc,heap] Heap region size: 1M
[2021-09-17T16:20:16.496+0900][gc     ] Using G1
[2021-09-17T16:20:16.496+0900][gc,heap,coops] Heap address: 0x00000000e0000000, size: 512 MB, Compressed Oops mode: 32-bit
[2021-09-17T16:20:16.497+0900][gc,cds       ] Mark closed archive regions in map: [0x00000000fff00000, 0x00000000fff6aff8]
[2021-09-17T16:20:16.497+0900][gc,cds       ] Mark open archive regions in map: [0x00000000ffe00000, 0x00000000ffe46ff8]
[2021-09-17T16:20:42.808+0900][gc,start     ] GC(0) Pause Young (Normal) (G1 Evacuation Pause)
[2021-09-17T16:20:42.809+0900][gc,task      ] GC(0) Using 10 workers of 10 for evacuation
[2021-09-17T16:20:42.818+0900][gc,phases    ] GC(0)   Pre Evacuate Collection Set: 0.0ms
[2021-09-17T16:20:42.818+0900][gc,phases    ] GC(0)   Evacuate Collection Set: 8.6ms
[2021-09-17T16:20:42.818+0900][gc,phases    ] GC(0)   Post Evacuate Collection Set: 0.4ms
[2021-09-17T16:20:42.818+0900][gc,phases    ] GC(0)   Other: 0.7ms
[2021-09-17T16:20:42.818+0900][gc,heap      ] GC(0) Eden regions: 25->0(21)
[2021-09-17T16:20:42.818+0900][gc,heap      ] GC(0) Survivor regions: 0->4(4)
[2021-09-17T16:20:42.818+0900][gc,heap      ] GC(0) Old regions: 2->4
[2021-09-17T16:20:42.818+0900][gc,heap      ] GC(0) Humongous regions: 0->0
[2021-09-17T16:20:42.818+0900][gc,metaspace ] GC(0) Metaspace: 7679K->7679K(1056768K)
[2021-09-17T16:20:42.818+0900][gc           ] GC(0) Pause Young (Normal) (G1 Evacuation Pause) 25M->5M(512M) 9.747ms
[2021-09-17T16:20:42.818+0900][gc,cpu       ] GC(0) User=0.09s Sys=0.00s Real=0.01s
