[2021-08-17T16:10:13.047+0900][gc,heap] Heap region size: 1M
[2021-08-17T16:10:13.055+0900][gc     ] Using G1
[2021-08-17T16:10:13.055+0900][gc,heap,coops] Heap address: 0x00000000e0000000, size: 512 MB, Compressed Oops mode: 32-bit
[2021-08-17T16:10:13.056+0900][gc,cds       ] Mark closed archive regions in map: [0x00000000fff00000, 0x00000000fff6aff8]
[2021-08-17T16:10:13.056+0900][gc,cds       ] Mark open archive regions in map: [0x00000000ffe00000, 0x00000000ffe46ff8]
[2021-08-17T16:10:15.161+0900][gc,start     ] GC(0) Pause Young (Normal) (G1 Evacuation Pause)
[2021-08-17T16:10:15.166+0900][gc,task      ] GC(0) Using 8 workers of 8 for evacuation
[2021-08-17T16:10:15.184+0900][gc,phases    ] GC(0)   Pre Evacuate Collection Set: 0.0ms
[2021-08-17T16:10:15.184+0900][gc,phases    ] GC(0)   Evacuate Collection Set: 17.9ms
[2021-08-17T16:10:15.184+0900][gc,phases    ] GC(0)   Post Evacuate Collection Set: 0.4ms
[2021-08-17T16:10:15.184+0900][gc,phases    ] GC(0)   Other: 5.4ms
[2021-08-17T16:10:15.184+0900][gc,heap      ] GC(0) Eden regions: 25->0(21)
[2021-08-17T16:10:15.184+0900][gc,heap      ] GC(0) Survivor regions: 0->4(4)
[2021-08-17T16:10:15.184+0900][gc,heap      ] GC(0) Old regions: 2->4
[2021-08-17T16:10:15.184+0900][gc,heap      ] GC(0) Humongous regions: 0->0
[2021-08-17T16:10:15.184+0900][gc,metaspace ] GC(0) Metaspace: 7686K->7686K(1056768K)
[2021-08-17T16:10:15.184+0900][gc           ] GC(0) Pause Young (Normal) (G1 Evacuation Pause) 25M->5M(512M) 23.809ms
[2021-08-17T16:10:15.184+0900][gc,cpu       ] GC(0) User=0.11s Sys=0.00s Real=0.02s
[2021-08-17T16:12:54.005+0900][gc,heap,exit ] Heap
[2021-08-17T16:12:54.006+0900][gc,heap,exit ]  garbage-first heap   total 524288K, used 11249K [0x00000000e0000000, 0x0000000100000000)
[2021-08-17T16:12:54.006+0900][gc,heap,exit ]   region size 1024K, 10 young (10240K), 4 survivors (4096K)
[2021-08-17T16:12:54.006+0900][gc,heap,exit ]  Metaspace       used 8094K, capacity 8399K, committed 8448K, reserved 1056768K
[2021-08-17T16:12:54.006+0900][gc,heap,exit ]   class space    used 905K, capacity 1015K, committed 1024K, reserved 1048576K
